// Jest Snapshot v1, https://goo.gl/fbAQLP

exports[`src | components | pages | activation | events | EmailButton snapshot should match snapshot 1`] = `
ShallowWrapper {
  Symbol(enzyme.__root__): [Circular],
  Symbol(enzyme.__unrendered__): <EmailButton />,
  Symbol(enzyme.__renderer__): Object {
    "batchedUpdates": [Function],
    "getNode": [Function],
    "render": [Function],
    "simulateError": [Function],
    "simulateEvent": [Function],
    "unmount": [Function],
  },
  Symbol(enzyme.__node__): Object {
    "instance": null,
    "key": undefined,
    "nodeType": "host",
    "props": Object {
      "children": Array [
        <div
          className="mb36"
        >
          <MailToLink
            className="is-block text-center button is-rounded py7 no-background"
            email="support.passculture@beta.gouv.fr"
            headers={Object {}}
            id="activation-events-contact-us"
            obfuscate={true}
          >
            <span
              className="fs18 is-white-text is-bold"
            >
              Activation par e-mail
            </span>
          </MailToLink>
        </div>,
        <div
          className="text-center"
        >
          <span
            className="is-italic is-medium fs20"
          >
            -- ou --
          </span>
        </div>,
      ],
      "className": "mb36",
    },
    "ref": null,
    "rendered": Array [
      Object {
        "instance": null,
        "key": undefined,
        "nodeType": "host",
        "props": Object {
          "children": <MailToLink
            className="is-block text-center button is-rounded py7 no-background"
            email="support.passculture@beta.gouv.fr"
            headers={Object {}}
            id="activation-events-contact-us"
            obfuscate={true}
          >
            <span
              className="fs18 is-white-text is-bold"
            >
              Activation par e-mail
            </span>
          </MailToLink>,
          "className": "mb36",
        },
        "ref": null,
        "rendered": Object {
          "instance": null,
          "key": undefined,
          "nodeType": "class",
          "props": Object {
            "children": <span
              className="fs18 is-white-text is-bold"
            >
              Activation par e-mail
            </span>,
            "className": "is-block text-center button is-rounded py7 no-background",
            "email": "support.passculture@beta.gouv.fr",
            "headers": Object {},
            "id": "activation-events-contact-us",
            "obfuscate": true,
          },
          "ref": null,
          "rendered": Object {
            "instance": null,
            "key": undefined,
            "nodeType": "host",
            "props": Object {
              "children": "Activation par e-mail",
              "className": "fs18 is-white-text is-bold",
            },
            "ref": null,
            "rendered": "Activation par e-mail",
            "type": "span",
          },
          "type": [Function],
        },
        "type": "div",
      },
      Object {
        "instance": null,
        "key": undefined,
        "nodeType": "host",
        "props": Object {
          "children": <span
            className="is-italic is-medium fs20"
          >
            -- ou --
          </span>,
          "className": "text-center",
        },
        "ref": null,
        "rendered": Object {
          "instance": null,
          "key": undefined,
          "nodeType": "host",
          "props": Object {
            "children": "-- ou --",
            "className": "is-italic is-medium fs20",
          },
          "ref": null,
          "rendered": "-- ou --",
          "type": "span",
        },
        "type": "div",
      },
    ],
    "type": "div",
  },
  Symbol(enzyme.__nodes__): Array [
    Object {
      "instance": null,
      "key": undefined,
      "nodeType": "host",
      "props": Object {
        "children": Array [
          <div
            className="mb36"
          >
            <MailToLink
              className="is-block text-center button is-rounded py7 no-background"
              email="support.passculture@beta.gouv.fr"
              headers={Object {}}
              id="activation-events-contact-us"
              obfuscate={true}
            >
              <span
                className="fs18 is-white-text is-bold"
              >
                Activation par e-mail
              </span>
            </MailToLink>
          </div>,
          <div
            className="text-center"
          >
            <span
              className="is-italic is-medium fs20"
            >
              -- ou --
            </span>
          </div>,
        ],
        "className": "mb36",
      },
      "ref": null,
      "rendered": Array [
        Object {
          "instance": null,
          "key": undefined,
          "nodeType": "host",
          "props": Object {
            "children": <MailToLink
              className="is-block text-center button is-rounded py7 no-background"
              email="support.passculture@beta.gouv.fr"
              headers={Object {}}
              id="activation-events-contact-us"
              obfuscate={true}
            >
              <span
                className="fs18 is-white-text is-bold"
              >
                Activation par e-mail
              </span>
            </MailToLink>,
            "className": "mb36",
          },
          "ref": null,
          "rendered": Object {
            "instance": null,
            "key": undefined,
            "nodeType": "class",
            "props": Object {
              "children": <span
                className="fs18 is-white-text is-bold"
              >
                Activation par e-mail
              </span>,
              "className": "is-block text-center button is-rounded py7 no-background",
              "email": "support.passculture@beta.gouv.fr",
              "headers": Object {},
              "id": "activation-events-contact-us",
              "obfuscate": true,
            },
            "ref": null,
            "rendered": Object {
              "instance": null,
              "key": undefined,
              "nodeType": "host",
              "props": Object {
                "children": "Activation par e-mail",
                "className": "fs18 is-white-text is-bold",
              },
              "ref": null,
              "rendered": "Activation par e-mail",
              "type": "span",
            },
            "type": [Function],
          },
          "type": "div",
        },
        Object {
          "instance": null,
          "key": undefined,
          "nodeType": "host",
          "props": Object {
            "children": <span
              className="is-italic is-medium fs20"
            >
              -- ou --
            </span>,
            "className": "text-center",
          },
          "ref": null,
          "rendered": Object {
            "instance": null,
            "key": undefined,
            "nodeType": "host",
            "props": Object {
              "children": "-- ou --",
              "className": "is-italic is-medium fs20",
            },
            "ref": null,
            "rendered": "-- ou --",
            "type": "span",
          },
          "type": "div",
        },
      ],
      "type": "div",
    },
  ],
  Symbol(enzyme.__options__): Object {
    "adapter": ReactSixteenAdapter {
      "options": Object {
        "enableComponentDidUpdateOnSetState": true,
        "lifecycles": Object {
          "componentDidUpdate": Object {
            "onSetState": true,
          },
          "getDerivedStateFromProps": true,
          "getSnapshotBeforeUpdate": true,
          "setState": Object {
            "skipsComponentDidUpdateOnNullish": true,
          },
        },
      },
    },
  },
}
`;
