// Jest Snapshot v1, https://goo.gl/fbAQLP

exports[`src | components | pages | forgot-password | RequestEmailForm should match the snapshot 1`] = `
ShallowWrapper {
  Symbol(enzyme.__root__): [Circular],
  Symbol(enzyme.__unrendered__): <Unknown
    canSubmit={true}
    formErrors={false}
    isLoading={false}
  />,
  Symbol(enzyme.__renderer__): Object {
    "batchedUpdates": [Function],
    "checkPropTypes": [Function],
    "getNode": [Function],
    "render": [Function],
    "simulateError": [Function],
    "simulateEvent": [Function],
    "unmount": [Function],
  },
  Symbol(enzyme.__node__): Object {
    "instance": null,
    "key": undefined,
    "nodeType": "function",
    "props": Object {
      "children": Array [
        <div>
          <div
            className="logout-form-header"
          >
            <div
              className="logout-form-title"
            >
              Renseignez votre adresse e-mail pour réinitialiser votre mot de passe.
            </div>
          </div>
          <div>
            <InputField
              autoComplete={false}
              disabled={false}
              label="Adresse e-mail"
              name="email"
              placeholder="Ex. : nom@domaine.fr"
              required={false}
              sublabel={null}
              theme="white"
            />
          </div>
        </div>,
        <FormFooter
          cancel={
            Object {
              "className": "is-white-text",
              "id": "np-cancel-link",
              "label": "Annuler",
              "url": "/connexion",
            }
          }
          externalLink={null}
          submit={
            Object {
              "className": "is-bold is-white-text",
              "disabled": false,
              "id": "np-ok-button",
              "label": "OK",
            }
          }
        />,
      ],
    },
    "ref": null,
    "rendered": Array [
      Object {
        "instance": null,
        "key": undefined,
        "nodeType": "host",
        "props": Object {
          "children": Array [
            <div
              className="logout-form-header"
            >
              <div
                className="logout-form-title"
              >
                Renseignez votre adresse e-mail pour réinitialiser votre mot de passe.
              </div>
            </div>,
            <div>
              <InputField
                autoComplete={false}
                disabled={false}
                label="Adresse e-mail"
                name="email"
                placeholder="Ex. : nom@domaine.fr"
                required={false}
                sublabel={null}
                theme="white"
              />
            </div>,
          ],
        },
        "ref": null,
        "rendered": Array [
          Object {
            "instance": null,
            "key": undefined,
            "nodeType": "host",
            "props": Object {
              "children": <div
                className="logout-form-title"
              >
                Renseignez votre adresse e-mail pour réinitialiser votre mot de passe.
              </div>,
              "className": "logout-form-header",
            },
            "ref": null,
            "rendered": Object {
              "instance": null,
              "key": undefined,
              "nodeType": "host",
              "props": Object {
                "children": "Renseignez votre adresse e-mail pour réinitialiser votre mot de passe.",
                "className": "logout-form-title",
              },
              "ref": null,
              "rendered": "Renseignez votre adresse e-mail pour réinitialiser votre mot de passe.",
              "type": "div",
            },
            "type": "div",
          },
          Object {
            "instance": null,
            "key": undefined,
            "nodeType": "host",
            "props": Object {
              "children": Array [
                <InputField
                  autoComplete={false}
                  disabled={false}
                  label="Adresse e-mail"
                  name="email"
                  placeholder="Ex. : nom@domaine.fr"
                  required={false}
                  sublabel={null}
                  theme="white"
                />,
                false,
              ],
            },
            "ref": null,
            "rendered": Array [
              Object {
                "instance": null,
                "key": undefined,
                "nodeType": "class",
                "props": Object {
                  "autoComplete": false,
                  "disabled": false,
                  "label": "Adresse e-mail",
                  "name": "email",
                  "placeholder": "Ex. : nom@domaine.fr",
                  "required": false,
                  "sublabel": null,
                  "theme": "white",
                },
                "ref": null,
                "rendered": null,
                "type": [Function],
              },
              false,
            ],
            "type": "div",
          },
        ],
        "type": "div",
      },
      Object {
        "instance": null,
        "key": undefined,
        "nodeType": "class",
        "props": Object {
          "cancel": Object {
            "className": "is-white-text",
            "id": "np-cancel-link",
            "label": "Annuler",
            "url": "/connexion",
          },
          "externalLink": null,
          "submit": Object {
            "className": "is-bold is-white-text",
            "disabled": false,
            "id": "np-ok-button",
            "label": "OK",
          },
        },
        "ref": null,
        "rendered": null,
        "type": [Function],
      },
    ],
    "type": Symbol(react.fragment),
  },
  Symbol(enzyme.__nodes__): Array [
    Object {
      "instance": null,
      "key": undefined,
      "nodeType": "function",
      "props": Object {
        "children": Array [
          <div>
            <div
              className="logout-form-header"
            >
              <div
                className="logout-form-title"
              >
                Renseignez votre adresse e-mail pour réinitialiser votre mot de passe.
              </div>
            </div>
            <div>
              <InputField
                autoComplete={false}
                disabled={false}
                label="Adresse e-mail"
                name="email"
                placeholder="Ex. : nom@domaine.fr"
                required={false}
                sublabel={null}
                theme="white"
              />
            </div>
          </div>,
          <FormFooter
            cancel={
              Object {
                "className": "is-white-text",
                "id": "np-cancel-link",
                "label": "Annuler",
                "url": "/connexion",
              }
            }
            externalLink={null}
            submit={
              Object {
                "className": "is-bold is-white-text",
                "disabled": false,
                "id": "np-ok-button",
                "label": "OK",
              }
            }
          />,
        ],
      },
      "ref": null,
      "rendered": Array [
        Object {
          "instance": null,
          "key": undefined,
          "nodeType": "host",
          "props": Object {
            "children": Array [
              <div
                className="logout-form-header"
              >
                <div
                  className="logout-form-title"
                >
                  Renseignez votre adresse e-mail pour réinitialiser votre mot de passe.
                </div>
              </div>,
              <div>
                <InputField
                  autoComplete={false}
                  disabled={false}
                  label="Adresse e-mail"
                  name="email"
                  placeholder="Ex. : nom@domaine.fr"
                  required={false}
                  sublabel={null}
                  theme="white"
                />
              </div>,
            ],
          },
          "ref": null,
          "rendered": Array [
            Object {
              "instance": null,
              "key": undefined,
              "nodeType": "host",
              "props": Object {
                "children": <div
                  className="logout-form-title"
                >
                  Renseignez votre adresse e-mail pour réinitialiser votre mot de passe.
                </div>,
                "className": "logout-form-header",
              },
              "ref": null,
              "rendered": Object {
                "instance": null,
                "key": undefined,
                "nodeType": "host",
                "props": Object {
                  "children": "Renseignez votre adresse e-mail pour réinitialiser votre mot de passe.",
                  "className": "logout-form-title",
                },
                "ref": null,
                "rendered": "Renseignez votre adresse e-mail pour réinitialiser votre mot de passe.",
                "type": "div",
              },
              "type": "div",
            },
            Object {
              "instance": null,
              "key": undefined,
              "nodeType": "host",
              "props": Object {
                "children": Array [
                  <InputField
                    autoComplete={false}
                    disabled={false}
                    label="Adresse e-mail"
                    name="email"
                    placeholder="Ex. : nom@domaine.fr"
                    required={false}
                    sublabel={null}
                    theme="white"
                  />,
                  false,
                ],
              },
              "ref": null,
              "rendered": Array [
                Object {
                  "instance": null,
                  "key": undefined,
                  "nodeType": "class",
                  "props": Object {
                    "autoComplete": false,
                    "disabled": false,
                    "label": "Adresse e-mail",
                    "name": "email",
                    "placeholder": "Ex. : nom@domaine.fr",
                    "required": false,
                    "sublabel": null,
                    "theme": "white",
                  },
                  "ref": null,
                  "rendered": null,
                  "type": [Function],
                },
                false,
              ],
              "type": "div",
            },
          ],
          "type": "div",
        },
        Object {
          "instance": null,
          "key": undefined,
          "nodeType": "class",
          "props": Object {
            "cancel": Object {
              "className": "is-white-text",
              "id": "np-cancel-link",
              "label": "Annuler",
              "url": "/connexion",
            },
            "externalLink": null,
            "submit": Object {
              "className": "is-bold is-white-text",
              "disabled": false,
              "id": "np-ok-button",
              "label": "OK",
            },
          },
          "ref": null,
          "rendered": null,
          "type": [Function],
        },
      ],
      "type": Symbol(react.fragment),
    },
  ],
  Symbol(enzyme.__options__): Object {
    "adapter": ReactSixteenAdapter {
      "options": Object {
        "enableComponentDidUpdateOnSetState": true,
        "legacyContextMode": "parent",
        "lifecycles": Object {
          "componentDidUpdate": Object {
            "onSetState": true,
          },
          "getChildContext": Object {
            "calledByRenderer": false,
          },
          "getDerivedStateFromError": true,
          "getDerivedStateFromProps": Object {
            "hasShouldComponentUpdateBug": false,
          },
          "getSnapshotBeforeUpdate": true,
          "setState": Object {
            "skipsComponentDidUpdateOnNullish": true,
          },
        },
      },
    },
    Symbol(enzyme.__providerValues__): undefined,
  },
  Symbol(enzyme.__providerValues__): Map {},
}
`;
