// Jest Snapshot v1, https://goo.gl/fbAQLP

exports[`src | components | pages | my-bookings | MyBookingsList | BookingList | BookingItem should match snapshot 1`] = `
ShallowWrapper {
  Symbol(enzyme.__root__): [Circular],
  Symbol(enzyme.__unrendered__): <BookingItem
    booking={
      Object {
        "id": "AE",
        "isCancelled": false,
        "qrCode": "data:image/png;base64,iVIVhzdjeizfjezfoizejojczez",
        "stock": Object {},
        "thumbUrl": "/mediations/AE",
        "token": "G9G9G9",
      }
    }
    isQrCodeFeatureDisabled={true}
    location={
      Object {
        "pathname": "/reservations",
        "search": "?",
      }
    }
    match={
      Object {
        "params": Object {
          "details": undefined,
        },
      }
    }
    offer={
      Object {
        "id": "AE",
        "name": "Un livre pas mal",
        "product": Object {
          "name": "Un livre pas mal",
          "type": "thing",
        },
        "venue": Object {
          "departementCode": "93",
        },
      }
    }
    ribbon={null}
    shouldDisplayToken={true}
    stock={
      Object {
        "beginningDatetime": "2030-08-21T20:00:00Z",
        "id": "future stock 1",
      }
    }
    trackConsultOffer={[MockFunction]}
  />,
  Symbol(enzyme.__renderer__): Object {
    "batchedUpdates": [Function],
    "checkPropTypes": [Function],
    "getNode": [Function],
    "render": [Function],
    "simulateError": [Function],
    "simulateEvent": [Function],
    "unmount": [Function],
  },
  Symbol(enzyme.__node__): Object {
    "instance": null,
    "key": undefined,
    "nodeType": "host",
    "props": Object {
      "children": Array [
        <ForwardRef
          className="teaser-link"
          onClick={[MockFunction]}
          to="/reservations/details/AE?"
        >
          <div
            className="teaser-thumb"
          >
            <img
              alt=""
              src="/mediations/AE"
            />
          </div>
          <div
            className="teaser-wrapper"
          >
            <div
              className="mb-corner bottom left"
            />
            <div
              className="mb-corner bottom right"
            />
            <div
              className="mb-heading"
            >
              <div
                className="teaser-title-booking"
              >
                Un livre pas mal
              </div>
              <div
                className="teaser-sub-title"
              >
                Mercredi 21/08/2030 à 22:00
              </div>
            </div>
          </div>
          <div
            className="teaser-arrow"
          >
            <Icon
              alt={null}
              className="teaser-arrow-img"
              src={null}
              svg="ico-next-S"
            />
          </div>
        </ForwardRef>,
        <div
          className="mb-token-container"
        >
          <div
            className="mb-corner top left"
          />
          <div
            className="mb-corner top right"
          />
          <div
            className="mb-token-title"
          >
            Votre contremarque
          </div>
          <div
            className="mb-token-contremarque-container"
          >
            <div
              className="mb-token-flipped"
            >
              g9g9g9
            </div>
          </div>
        </div>,
      ],
      "className": "mb-my-booking",
      "data-token": "g9g9g9",
    },
    "ref": null,
    "rendered": Array [
      Object {
        "instance": null,
        "key": undefined,
        "nodeType": "function",
        "props": Object {
          "children": Array [
            <div
              className="teaser-thumb"
            >
              <img
                alt=""
                src="/mediations/AE"
              />
            </div>,
            <div
              className="teaser-wrapper"
            >
              <div
                className="mb-corner bottom left"
              />
              <div
                className="mb-corner bottom right"
              />
              <div
                className="mb-heading"
              >
                <div
                  className="teaser-title-booking"
                >
                  Un livre pas mal
                </div>
                <div
                  className="teaser-sub-title"
                >
                  Mercredi 21/08/2030 à 22:00
                </div>
              </div>
            </div>,
            <div
              className="teaser-arrow"
            >
              <Icon
                alt={null}
                className="teaser-arrow-img"
                src={null}
                svg="ico-next-S"
              />
            </div>,
            null,
          ],
          "className": "teaser-link",
          "onClick": [MockFunction],
          "to": "/reservations/details/AE?",
        },
        "ref": null,
        "rendered": Array [
          Object {
            "instance": null,
            "key": undefined,
            "nodeType": "host",
            "props": Object {
              "children": <img
                alt=""
                src="/mediations/AE"
              />,
              "className": "teaser-thumb",
            },
            "ref": null,
            "rendered": Object {
              "instance": null,
              "key": undefined,
              "nodeType": "host",
              "props": Object {
                "alt": "",
                "src": "/mediations/AE",
              },
              "ref": null,
              "rendered": null,
              "type": "img",
            },
            "type": "div",
          },
          Object {
            "instance": null,
            "key": undefined,
            "nodeType": "host",
            "props": Object {
              "children": Array [
                <div
                  className="mb-corner bottom left"
                />,
                <div
                  className="mb-corner bottom right"
                />,
                <div
                  className="mb-heading"
                >
                  <div
                    className="teaser-title-booking"
                  >
                    Un livre pas mal
                  </div>
                  <div
                    className="teaser-sub-title"
                  >
                    Mercredi 21/08/2030 à 22:00
                  </div>
                </div>,
              ],
              "className": "teaser-wrapper",
            },
            "ref": null,
            "rendered": Array [
              Object {
                "instance": null,
                "key": undefined,
                "nodeType": "host",
                "props": Object {
                  "className": "mb-corner bottom left",
                },
                "ref": null,
                "rendered": null,
                "type": "div",
              },
              Object {
                "instance": null,
                "key": undefined,
                "nodeType": "host",
                "props": Object {
                  "className": "mb-corner bottom right",
                },
                "ref": null,
                "rendered": null,
                "type": "div",
              },
              Object {
                "instance": null,
                "key": undefined,
                "nodeType": "host",
                "props": Object {
                  "children": Array [
                    <div
                      className="teaser-title-booking"
                    >
                      Un livre pas mal
                    </div>,
                    <div
                      className="teaser-sub-title"
                    >
                      Mercredi 21/08/2030 à 22:00
                    </div>,
                  ],
                  "className": "mb-heading",
                },
                "ref": null,
                "rendered": Array [
                  Object {
                    "instance": null,
                    "key": undefined,
                    "nodeType": "host",
                    "props": Object {
                      "children": "Un livre pas mal",
                      "className": "teaser-title-booking",
                    },
                    "ref": null,
                    "rendered": "Un livre pas mal",
                    "type": "div",
                  },
                  Object {
                    "instance": null,
                    "key": undefined,
                    "nodeType": "host",
                    "props": Object {
                      "children": Array [
                        false,
                        "Mercredi 21/08/2030 à 22:00",
                      ],
                      "className": "teaser-sub-title",
                    },
                    "ref": null,
                    "rendered": Array [
                      false,
                      "Mercredi 21/08/2030 à 22:00",
                    ],
                    "type": "div",
                  },
                ],
                "type": "div",
              },
            ],
            "type": "div",
          },
          Object {
            "instance": null,
            "key": undefined,
            "nodeType": "host",
            "props": Object {
              "children": <Icon
                alt={null}
                className="teaser-arrow-img"
                src={null}
                svg="ico-next-S"
              />,
              "className": "teaser-arrow",
            },
            "ref": null,
            "rendered": Object {
              "instance": null,
              "key": undefined,
              "nodeType": "function",
              "props": Object {
                "alt": null,
                "className": "teaser-arrow-img",
                "src": null,
                "svg": "ico-next-S",
              },
              "ref": null,
              "rendered": null,
              "type": [Function],
            },
            "type": "div",
          },
          null,
        ],
        "type": Object {
          "$$typeof": Symbol(react.forward_ref),
          "displayName": "Link",
          "propTypes": Object {
            "innerRef": [Function],
            "onClick": [Function],
            "replace": [Function],
            "target": [Function],
            "to": [Function],
          },
          "render": [Function],
        },
      },
      Object {
        "instance": null,
        "key": undefined,
        "nodeType": "host",
        "props": Object {
          "children": Array [
            <div
              className="mb-corner top left"
            />,
            <div
              className="mb-corner top right"
            />,
            <div
              className="mb-token-title"
            >
              Votre contremarque
            </div>,
            <div
              className="mb-token-contremarque-container"
            >
              <div
                className="mb-token-flipped"
              >
                g9g9g9
              </div>
            </div>,
            false,
          ],
          "className": "mb-token-container",
        },
        "ref": null,
        "rendered": Array [
          Object {
            "instance": null,
            "key": undefined,
            "nodeType": "host",
            "props": Object {
              "className": "mb-corner top left",
            },
            "ref": null,
            "rendered": null,
            "type": "div",
          },
          Object {
            "instance": null,
            "key": undefined,
            "nodeType": "host",
            "props": Object {
              "className": "mb-corner top right",
            },
            "ref": null,
            "rendered": null,
            "type": "div",
          },
          Object {
            "instance": null,
            "key": undefined,
            "nodeType": "host",
            "props": Object {
              "children": "Votre contremarque",
              "className": "mb-token-title",
            },
            "ref": null,
            "rendered": "Votre contremarque",
            "type": "div",
          },
          Object {
            "instance": null,
            "key": undefined,
            "nodeType": "host",
            "props": Object {
              "children": <div
                className="mb-token-flipped"
              >
                g9g9g9
              </div>,
              "className": "mb-token-contremarque-container",
            },
            "ref": null,
            "rendered": Object {
              "instance": null,
              "key": undefined,
              "nodeType": "host",
              "props": Object {
                "children": "g9g9g9",
                "className": "mb-token-flipped",
              },
              "ref": null,
              "rendered": "g9g9g9",
              "type": "div",
            },
            "type": "div",
          },
          false,
        ],
        "type": "div",
      },
    ],
    "type": "li",
  },
  Symbol(enzyme.__nodes__): Array [
    Object {
      "instance": null,
      "key": undefined,
      "nodeType": "host",
      "props": Object {
        "children": Array [
          <ForwardRef
            className="teaser-link"
            onClick={[MockFunction]}
            to="/reservations/details/AE?"
          >
            <div
              className="teaser-thumb"
            >
              <img
                alt=""
                src="/mediations/AE"
              />
            </div>
            <div
              className="teaser-wrapper"
            >
              <div
                className="mb-corner bottom left"
              />
              <div
                className="mb-corner bottom right"
              />
              <div
                className="mb-heading"
              >
                <div
                  className="teaser-title-booking"
                >
                  Un livre pas mal
                </div>
                <div
                  className="teaser-sub-title"
                >
                  Mercredi 21/08/2030 à 22:00
                </div>
              </div>
            </div>
            <div
              className="teaser-arrow"
            >
              <Icon
                alt={null}
                className="teaser-arrow-img"
                src={null}
                svg="ico-next-S"
              />
            </div>
          </ForwardRef>,
          <div
            className="mb-token-container"
          >
            <div
              className="mb-corner top left"
            />
            <div
              className="mb-corner top right"
            />
            <div
              className="mb-token-title"
            >
              Votre contremarque
            </div>
            <div
              className="mb-token-contremarque-container"
            >
              <div
                className="mb-token-flipped"
              >
                g9g9g9
              </div>
            </div>
          </div>,
        ],
        "className": "mb-my-booking",
        "data-token": "g9g9g9",
      },
      "ref": null,
      "rendered": Array [
        Object {
          "instance": null,
          "key": undefined,
          "nodeType": "function",
          "props": Object {
            "children": Array [
              <div
                className="teaser-thumb"
              >
                <img
                  alt=""
                  src="/mediations/AE"
                />
              </div>,
              <div
                className="teaser-wrapper"
              >
                <div
                  className="mb-corner bottom left"
                />
                <div
                  className="mb-corner bottom right"
                />
                <div
                  className="mb-heading"
                >
                  <div
                    className="teaser-title-booking"
                  >
                    Un livre pas mal
                  </div>
                  <div
                    className="teaser-sub-title"
                  >
                    Mercredi 21/08/2030 à 22:00
                  </div>
                </div>
              </div>,
              <div
                className="teaser-arrow"
              >
                <Icon
                  alt={null}
                  className="teaser-arrow-img"
                  src={null}
                  svg="ico-next-S"
                />
              </div>,
              null,
            ],
            "className": "teaser-link",
            "onClick": [MockFunction],
            "to": "/reservations/details/AE?",
          },
          "ref": null,
          "rendered": Array [
            Object {
              "instance": null,
              "key": undefined,
              "nodeType": "host",
              "props": Object {
                "children": <img
                  alt=""
                  src="/mediations/AE"
                />,
                "className": "teaser-thumb",
              },
              "ref": null,
              "rendered": Object {
                "instance": null,
                "key": undefined,
                "nodeType": "host",
                "props": Object {
                  "alt": "",
                  "src": "/mediations/AE",
                },
                "ref": null,
                "rendered": null,
                "type": "img",
              },
              "type": "div",
            },
            Object {
              "instance": null,
              "key": undefined,
              "nodeType": "host",
              "props": Object {
                "children": Array [
                  <div
                    className="mb-corner bottom left"
                  />,
                  <div
                    className="mb-corner bottom right"
                  />,
                  <div
                    className="mb-heading"
                  >
                    <div
                      className="teaser-title-booking"
                    >
                      Un livre pas mal
                    </div>
                    <div
                      className="teaser-sub-title"
                    >
                      Mercredi 21/08/2030 à 22:00
                    </div>
                  </div>,
                ],
                "className": "teaser-wrapper",
              },
              "ref": null,
              "rendered": Array [
                Object {
                  "instance": null,
                  "key": undefined,
                  "nodeType": "host",
                  "props": Object {
                    "className": "mb-corner bottom left",
                  },
                  "ref": null,
                  "rendered": null,
                  "type": "div",
                },
                Object {
                  "instance": null,
                  "key": undefined,
                  "nodeType": "host",
                  "props": Object {
                    "className": "mb-corner bottom right",
                  },
                  "ref": null,
                  "rendered": null,
                  "type": "div",
                },
                Object {
                  "instance": null,
                  "key": undefined,
                  "nodeType": "host",
                  "props": Object {
                    "children": Array [
                      <div
                        className="teaser-title-booking"
                      >
                        Un livre pas mal
                      </div>,
                      <div
                        className="teaser-sub-title"
                      >
                        Mercredi 21/08/2030 à 22:00
                      </div>,
                    ],
                    "className": "mb-heading",
                  },
                  "ref": null,
                  "rendered": Array [
                    Object {
                      "instance": null,
                      "key": undefined,
                      "nodeType": "host",
                      "props": Object {
                        "children": "Un livre pas mal",
                        "className": "teaser-title-booking",
                      },
                      "ref": null,
                      "rendered": "Un livre pas mal",
                      "type": "div",
                    },
                    Object {
                      "instance": null,
                      "key": undefined,
                      "nodeType": "host",
                      "props": Object {
                        "children": Array [
                          false,
                          "Mercredi 21/08/2030 à 22:00",
                        ],
                        "className": "teaser-sub-title",
                      },
                      "ref": null,
                      "rendered": Array [
                        false,
                        "Mercredi 21/08/2030 à 22:00",
                      ],
                      "type": "div",
                    },
                  ],
                  "type": "div",
                },
              ],
              "type": "div",
            },
            Object {
              "instance": null,
              "key": undefined,
              "nodeType": "host",
              "props": Object {
                "children": <Icon
                  alt={null}
                  className="teaser-arrow-img"
                  src={null}
                  svg="ico-next-S"
                />,
                "className": "teaser-arrow",
              },
              "ref": null,
              "rendered": Object {
                "instance": null,
                "key": undefined,
                "nodeType": "function",
                "props": Object {
                  "alt": null,
                  "className": "teaser-arrow-img",
                  "src": null,
                  "svg": "ico-next-S",
                },
                "ref": null,
                "rendered": null,
                "type": [Function],
              },
              "type": "div",
            },
            null,
          ],
          "type": Object {
            "$$typeof": Symbol(react.forward_ref),
            "displayName": "Link",
            "propTypes": Object {
              "innerRef": [Function],
              "onClick": [Function],
              "replace": [Function],
              "target": [Function],
              "to": [Function],
            },
            "render": [Function],
          },
        },
        Object {
          "instance": null,
          "key": undefined,
          "nodeType": "host",
          "props": Object {
            "children": Array [
              <div
                className="mb-corner top left"
              />,
              <div
                className="mb-corner top right"
              />,
              <div
                className="mb-token-title"
              >
                Votre contremarque
              </div>,
              <div
                className="mb-token-contremarque-container"
              >
                <div
                  className="mb-token-flipped"
                >
                  g9g9g9
                </div>
              </div>,
              false,
            ],
            "className": "mb-token-container",
          },
          "ref": null,
          "rendered": Array [
            Object {
              "instance": null,
              "key": undefined,
              "nodeType": "host",
              "props": Object {
                "className": "mb-corner top left",
              },
              "ref": null,
              "rendered": null,
              "type": "div",
            },
            Object {
              "instance": null,
              "key": undefined,
              "nodeType": "host",
              "props": Object {
                "className": "mb-corner top right",
              },
              "ref": null,
              "rendered": null,
              "type": "div",
            },
            Object {
              "instance": null,
              "key": undefined,
              "nodeType": "host",
              "props": Object {
                "children": "Votre contremarque",
                "className": "mb-token-title",
              },
              "ref": null,
              "rendered": "Votre contremarque",
              "type": "div",
            },
            Object {
              "instance": null,
              "key": undefined,
              "nodeType": "host",
              "props": Object {
                "children": <div
                  className="mb-token-flipped"
                >
                  g9g9g9
                </div>,
                "className": "mb-token-contremarque-container",
              },
              "ref": null,
              "rendered": Object {
                "instance": null,
                "key": undefined,
                "nodeType": "host",
                "props": Object {
                  "children": "g9g9g9",
                  "className": "mb-token-flipped",
                },
                "ref": null,
                "rendered": "g9g9g9",
                "type": "div",
              },
              "type": "div",
            },
            false,
          ],
          "type": "div",
        },
      ],
      "type": "li",
    },
  ],
  Symbol(enzyme.__options__): Object {
    "adapter": ReactSixteenAdapter {
      "options": Object {
        "enableComponentDidUpdateOnSetState": true,
        "legacyContextMode": "parent",
        "lifecycles": Object {
          "componentDidUpdate": Object {
            "onSetState": true,
          },
          "getChildContext": Object {
            "calledByRenderer": false,
          },
          "getDerivedStateFromError": true,
          "getDerivedStateFromProps": Object {
            "hasShouldComponentUpdateBug": false,
          },
          "getSnapshotBeforeUpdate": true,
          "setState": Object {
            "skipsComponentDidUpdateOnNullish": true,
          },
        },
      },
    },
    Symbol(enzyme.__providerValues__): undefined,
  },
  Symbol(enzyme.__providerValues__): Map {},
}
`;
