// Jest Snapshot v1, https://goo.gl/fbAQLP

exports[`src | components | layout | Verso | VersoControls | booking | CancellingAction | CancellingAction when the offer is booking should render a button to cancelling the booking 1`] = `
ShallowWrapper {
  Symbol(enzyme.__root__): [Circular],
  Symbol(enzyme.__unrendered__): <CancellingAction
    booking={
      Object {
        "id": "AAA",
        "recommendation": Object {
          "offerId": "BBB",
        },
      }
    }
    cancellingUrl="/reservation/annulation"
    history={
      Object {
        "push": [MockFunction],
      }
    }
    location={
      Object {
        "pathname": "",
        "search": "",
      }
    }
    match={
      Object {
        "params": Object {},
      }
    }
    offer={Object {}}
    openCancelPopin={[MockFunction]}
    price={20}
  />,
  Symbol(enzyme.__renderer__): Object {
    "batchedUpdates": [Function],
    "checkPropTypes": [Function],
    "getNode": [Function],
    "render": [Function],
    "simulateError": [Function],
    "simulateEvent": [Function],
    "unmount": [Function],
  },
  Symbol(enzyme.__node__): Object {
    "instance": null,
    "key": undefined,
    "nodeType": "host",
    "props": Object {
      "children": Array [
        <span
          className="ticket-price ticket-reserved"
        >
          <Price
            className=""
            free="Gratuit"
            value={20}
          />
          <Icon
            alt=""
            className={null}
            png={null}
            svg="ico-check-w"
          />
        </span>,
        <span
          className="ticket-label"
        >
          Annuler
        </span>,
      ],
      "className": "ticket-action",
      "onClick": [Function],
      "type": "button",
    },
    "ref": null,
    "rendered": Array [
      Object {
        "instance": null,
        "key": undefined,
        "nodeType": "host",
        "props": Object {
          "children": Array [
            <Price
              className=""
              free="Gratuit"
              value={20}
            />,
            <Icon
              alt=""
              className={null}
              png={null}
              svg="ico-check-w"
            />,
          ],
          "className": "ticket-price ticket-reserved",
        },
        "ref": null,
        "rendered": Array [
          Object {
            "instance": null,
            "key": undefined,
            "nodeType": "function",
            "props": Object {
              "className": "",
              "free": "Gratuit",
              "value": 20,
            },
            "ref": null,
            "rendered": null,
            "type": [Function],
          },
          Object {
            "instance": null,
            "key": undefined,
            "nodeType": "function",
            "props": Object {
              "alt": "",
              "className": null,
              "png": null,
              "svg": "ico-check-w",
            },
            "ref": null,
            "rendered": null,
            "type": [Function],
          },
        ],
        "type": "span",
      },
      Object {
        "instance": null,
        "key": undefined,
        "nodeType": "host",
        "props": Object {
          "children": "Annuler",
          "className": "ticket-label",
        },
        "ref": null,
        "rendered": "Annuler",
        "type": "span",
      },
    ],
    "type": "button",
  },
  Symbol(enzyme.__nodes__): Array [
    Object {
      "instance": null,
      "key": undefined,
      "nodeType": "host",
      "props": Object {
        "children": Array [
          <span
            className="ticket-price ticket-reserved"
          >
            <Price
              className=""
              free="Gratuit"
              value={20}
            />
            <Icon
              alt=""
              className={null}
              png={null}
              svg="ico-check-w"
            />
          </span>,
          <span
            className="ticket-label"
          >
            Annuler
          </span>,
        ],
        "className": "ticket-action",
        "onClick": [Function],
        "type": "button",
      },
      "ref": null,
      "rendered": Array [
        Object {
          "instance": null,
          "key": undefined,
          "nodeType": "host",
          "props": Object {
            "children": Array [
              <Price
                className=""
                free="Gratuit"
                value={20}
              />,
              <Icon
                alt=""
                className={null}
                png={null}
                svg="ico-check-w"
              />,
            ],
            "className": "ticket-price ticket-reserved",
          },
          "ref": null,
          "rendered": Array [
            Object {
              "instance": null,
              "key": undefined,
              "nodeType": "function",
              "props": Object {
                "className": "",
                "free": "Gratuit",
                "value": 20,
              },
              "ref": null,
              "rendered": null,
              "type": [Function],
            },
            Object {
              "instance": null,
              "key": undefined,
              "nodeType": "function",
              "props": Object {
                "alt": "",
                "className": null,
                "png": null,
                "svg": "ico-check-w",
              },
              "ref": null,
              "rendered": null,
              "type": [Function],
            },
          ],
          "type": "span",
        },
        Object {
          "instance": null,
          "key": undefined,
          "nodeType": "host",
          "props": Object {
            "children": "Annuler",
            "className": "ticket-label",
          },
          "ref": null,
          "rendered": "Annuler",
          "type": "span",
        },
      ],
      "type": "button",
    },
  ],
  Symbol(enzyme.__options__): Object {
    "adapter": ReactSixteenAdapter {
      "options": Object {
        "enableComponentDidUpdateOnSetState": true,
        "legacyContextMode": "parent",
        "lifecycles": Object {
          "componentDidUpdate": Object {
            "onSetState": true,
          },
          "getChildContext": Object {
            "calledByRenderer": false,
          },
          "getDerivedStateFromError": true,
          "getDerivedStateFromProps": Object {
            "hasShouldComponentUpdateBug": false,
          },
          "getSnapshotBeforeUpdate": true,
          "setState": Object {
            "skipsComponentDidUpdateOnNullish": true,
          },
        },
      },
    },
    Symbol(enzyme.__providerValues__): undefined,
  },
  Symbol(enzyme.__providerValues__): Map {},
  Symbol(enzyme.__childContext__): null,
}
`;
