// Jest Snapshot v1, https://goo.gl/fbAQLP

exports[`src | components | pages | NotMatch should match the snapshot 1`] = `
ShallowWrapper {
  Symbol(enzyme.__root__): [Circular],
  Symbol(enzyme.__unrendered__): <NotMatch
    delay={1}
    location={Object {}}
    redirect="/fake-url"
  />,
  Symbol(enzyme.__renderer__): Object {
    "batchedUpdates": [Function],
    "checkPropTypes": [Function],
    "getNode": [Function],
    "render": [Function],
    "simulateError": [Function],
    "simulateEvent": [Function],
    "unmount": [Function],
  },
  Symbol(enzyme.__node__): Object {
    "instance": null,
    "key": undefined,
    "nodeType": "host",
    "props": Object {
      "children": Array [
        <h3
          className="title"
        >
          404 Not found undefined
        </h3>,
        <p
          className="content"
        >
          <span
            className="is-block"
          >
            Vous allez être automatiquement redirigé dans 1 secondes
          </span>
        </p>,
      ],
      "id": "page-redirect",
    },
    "ref": null,
    "rendered": Array [
      Object {
        "instance": null,
        "key": undefined,
        "nodeType": "host",
        "props": Object {
          "children": "404 Not found undefined",
          "className": "title",
        },
        "ref": null,
        "rendered": "404 Not found undefined",
        "type": "h3",
      },
      Object {
        "instance": null,
        "key": undefined,
        "nodeType": "host",
        "props": Object {
          "children": Array [
            <span
              className="is-block"
            >
              Vous allez être automatiquement redirigé dans 1 secondes
            </span>,
            false,
          ],
          "className": "content",
        },
        "ref": null,
        "rendered": Array [
          Object {
            "instance": null,
            "key": undefined,
            "nodeType": "host",
            "props": Object {
              "children": "Vous allez être automatiquement redirigé dans 1 secondes",
              "className": "is-block",
            },
            "ref": null,
            "rendered": "Vous allez être automatiquement redirigé dans 1 secondes",
            "type": "span",
          },
          false,
        ],
        "type": "p",
      },
    ],
    "type": "div",
  },
  Symbol(enzyme.__nodes__): Array [
    Object {
      "instance": null,
      "key": undefined,
      "nodeType": "host",
      "props": Object {
        "children": Array [
          <h3
            className="title"
          >
            404 Not found undefined
          </h3>,
          <p
            className="content"
          >
            <span
              className="is-block"
            >
              Vous allez être automatiquement redirigé dans 1 secondes
            </span>
          </p>,
        ],
        "id": "page-redirect",
      },
      "ref": null,
      "rendered": Array [
        Object {
          "instance": null,
          "key": undefined,
          "nodeType": "host",
          "props": Object {
            "children": "404 Not found undefined",
            "className": "title",
          },
          "ref": null,
          "rendered": "404 Not found undefined",
          "type": "h3",
        },
        Object {
          "instance": null,
          "key": undefined,
          "nodeType": "host",
          "props": Object {
            "children": Array [
              <span
                className="is-block"
              >
                Vous allez être automatiquement redirigé dans 1 secondes
              </span>,
              false,
            ],
            "className": "content",
          },
          "ref": null,
          "rendered": Array [
            Object {
              "instance": null,
              "key": undefined,
              "nodeType": "host",
              "props": Object {
                "children": "Vous allez être automatiquement redirigé dans 1 secondes",
                "className": "is-block",
              },
              "ref": null,
              "rendered": "Vous allez être automatiquement redirigé dans 1 secondes",
              "type": "span",
            },
            false,
          ],
          "type": "p",
        },
      ],
      "type": "div",
    },
  ],
  Symbol(enzyme.__options__): Object {
    "adapter": ReactSixteenAdapter {
      "options": Object {
        "enableComponentDidUpdateOnSetState": true,
        "legacyContextMode": "parent",
        "lifecycles": Object {
          "componentDidUpdate": Object {
            "onSetState": true,
          },
          "getChildContext": Object {
            "calledByRenderer": false,
          },
          "getDerivedStateFromError": true,
          "getDerivedStateFromProps": Object {
            "hasShouldComponentUpdateBug": false,
          },
          "getSnapshotBeforeUpdate": true,
          "setState": Object {
            "skipsComponentDidUpdateOnNullish": true,
          },
        },
      },
    },
    Symbol(enzyme.__providerValues__): undefined,
  },
  Symbol(enzyme.__providerValues__): Map {},
  Symbol(enzyme.__childContext__): null,
}
`;
