// Jest Snapshot v1, https://goo.gl/fbAQLP

exports[`src | components | pages | BetaPage snapshot should match snapshot 1`] = `
ShallowWrapper {
  Symbol(enzyme.__root__): [Circular],
  Symbol(enzyme.__unrendered__): <BetaPage
    errors={Object {}}
  />,
  Symbol(enzyme.__renderer__): Object {
    "batchedUpdates": [Function],
    "getNode": [Function],
    "render": [Function],
    "simulateError": [Function],
    "simulateEvent": [Function],
    "unmount": [Function],
  },
  Symbol(enzyme.__node__): Object {
    "instance": null,
    "key": undefined,
    "nodeType": "host",
    "props": Object {
      "children": Array [
        <main
          className="pc-main flex-rows flex-center flex-0"
          role="main"
        >
          <h1
            className="text-left fs32"
          >
            <b>
              <i
                className="is-block"
              >
                Bienvenue
              </i>
            </b>
            <i
              className="is-block"
            >
              dans la version beta
            </i>
            <i
              className="is-block"
            >
              du Pass Culture
            </i>
          </h1>
          <p
            className="text-left mt36 fs22"
          >
            <i
              className="is-block"
            >
              Et merci de votre participation
            </i>
            <i
              className="is-block"
            >
              pour nous aider à l'améliorer !
            </i>
          </p>
        </main>,
        <footer
          className="pc-footer flex-columns flex-end"
          role="navigation"
        >
          <Link
            className="flex-center items-center"
            replace={false}
            to="/inscription"
          >
            <b
              className="fs32"
            >
              <i>
                C'est par là
              </i>
            </b>
            <span
              aria-hidden="true"
              className="pc-icon icon-next-long"
              title="C'est par là"
            />
          </Link>
        </footer>,
      ],
      "className": "page pc-gradient flex-rows",
      "id": "beta-page",
    },
    "ref": null,
    "rendered": Array [
      Object {
        "instance": null,
        "key": undefined,
        "nodeType": "host",
        "props": Object {
          "children": Array [
            <h1
              className="text-left fs32"
            >
              <b>
                <i
                  className="is-block"
                >
                  Bienvenue
                </i>
              </b>
              <i
                className="is-block"
              >
                dans la version beta
              </i>
              <i
                className="is-block"
              >
                du Pass Culture
              </i>
            </h1>,
            <p
              className="text-left mt36 fs22"
            >
              <i
                className="is-block"
              >
                Et merci de votre participation
              </i>
              <i
                className="is-block"
              >
                pour nous aider à l'améliorer !
              </i>
            </p>,
          ],
          "className": "pc-main flex-rows flex-center flex-0",
          "role": "main",
        },
        "ref": null,
        "rendered": Array [
          Object {
            "instance": null,
            "key": undefined,
            "nodeType": "host",
            "props": Object {
              "children": Array [
                <b>
                  <i
                    className="is-block"
                  >
                    Bienvenue
                  </i>
                </b>,
                <i
                  className="is-block"
                >
                  dans la version beta
                </i>,
                <i
                  className="is-block"
                >
                  du Pass Culture
                </i>,
              ],
              "className": "text-left fs32",
            },
            "ref": null,
            "rendered": Array [
              Object {
                "instance": null,
                "key": undefined,
                "nodeType": "host",
                "props": Object {
                  "children": <i
                    className="is-block"
                  >
                    Bienvenue
                  </i>,
                },
                "ref": null,
                "rendered": Object {
                  "instance": null,
                  "key": undefined,
                  "nodeType": "host",
                  "props": Object {
                    "children": "Bienvenue",
                    "className": "is-block",
                  },
                  "ref": null,
                  "rendered": "Bienvenue",
                  "type": "i",
                },
                "type": "b",
              },
              Object {
                "instance": null,
                "key": undefined,
                "nodeType": "host",
                "props": Object {
                  "children": "dans la version beta",
                  "className": "is-block",
                },
                "ref": null,
                "rendered": "dans la version beta",
                "type": "i",
              },
              Object {
                "instance": null,
                "key": undefined,
                "nodeType": "host",
                "props": Object {
                  "children": "du Pass Culture",
                  "className": "is-block",
                },
                "ref": null,
                "rendered": "du Pass Culture",
                "type": "i",
              },
            ],
            "type": "h1",
          },
          Object {
            "instance": null,
            "key": undefined,
            "nodeType": "host",
            "props": Object {
              "children": Array [
                <i
                  className="is-block"
                >
                  Et merci de votre participation
                </i>,
                <i
                  className="is-block"
                >
                  pour nous aider à l'améliorer !
                </i>,
              ],
              "className": "text-left mt36 fs22",
            },
            "ref": null,
            "rendered": Array [
              Object {
                "instance": null,
                "key": undefined,
                "nodeType": "host",
                "props": Object {
                  "children": "Et merci de votre participation",
                  "className": "is-block",
                },
                "ref": null,
                "rendered": "Et merci de votre participation",
                "type": "i",
              },
              Object {
                "instance": null,
                "key": undefined,
                "nodeType": "host",
                "props": Object {
                  "children": "pour nous aider à l'améliorer !",
                  "className": "is-block",
                },
                "ref": null,
                "rendered": "pour nous aider à l'améliorer !",
                "type": "i",
              },
            ],
            "type": "p",
          },
        ],
        "type": "main",
      },
      Object {
        "instance": null,
        "key": undefined,
        "nodeType": "host",
        "props": Object {
          "children": <Link
            className="flex-center items-center"
            replace={false}
            to="/inscription"
          >
            <b
              className="fs32"
            >
              <i>
                C'est par là
              </i>
            </b>
            <span
              aria-hidden="true"
              className="pc-icon icon-next-long"
              title="C'est par là"
            />
          </Link>,
          "className": "pc-footer flex-columns flex-end",
          "role": "navigation",
        },
        "ref": null,
        "rendered": Object {
          "instance": null,
          "key": undefined,
          "nodeType": "class",
          "props": Object {
            "children": Array [
              <b
                className="fs32"
              >
                <i>
                  C'est par là
                </i>
              </b>,
              <span
                aria-hidden="true"
                className="pc-icon icon-next-long"
                title="C'est par là"
              />,
            ],
            "className": "flex-center items-center",
            "replace": false,
            "to": "/inscription",
          },
          "ref": null,
          "rendered": Array [
            Object {
              "instance": null,
              "key": undefined,
              "nodeType": "host",
              "props": Object {
                "children": <i>
                  C'est par là
                </i>,
                "className": "fs32",
              },
              "ref": null,
              "rendered": Object {
                "instance": null,
                "key": undefined,
                "nodeType": "host",
                "props": Object {
                  "children": "C'est par là",
                },
                "ref": null,
                "rendered": "C'est par là",
                "type": "i",
              },
              "type": "b",
            },
            Object {
              "instance": null,
              "key": undefined,
              "nodeType": "host",
              "props": Object {
                "aria-hidden": "true",
                "className": "pc-icon icon-next-long",
                "title": "C'est par là",
              },
              "ref": null,
              "rendered": null,
              "type": "span",
            },
          ],
          "type": [Function],
        },
        "type": "footer",
      },
    ],
    "type": "div",
  },
  Symbol(enzyme.__nodes__): Array [
    Object {
      "instance": null,
      "key": undefined,
      "nodeType": "host",
      "props": Object {
        "children": Array [
          <main
            className="pc-main flex-rows flex-center flex-0"
            role="main"
          >
            <h1
              className="text-left fs32"
            >
              <b>
                <i
                  className="is-block"
                >
                  Bienvenue
                </i>
              </b>
              <i
                className="is-block"
              >
                dans la version beta
              </i>
              <i
                className="is-block"
              >
                du Pass Culture
              </i>
            </h1>
            <p
              className="text-left mt36 fs22"
            >
              <i
                className="is-block"
              >
                Et merci de votre participation
              </i>
              <i
                className="is-block"
              >
                pour nous aider à l'améliorer !
              </i>
            </p>
          </main>,
          <footer
            className="pc-footer flex-columns flex-end"
            role="navigation"
          >
            <Link
              className="flex-center items-center"
              replace={false}
              to="/inscription"
            >
              <b
                className="fs32"
              >
                <i>
                  C'est par là
                </i>
              </b>
              <span
                aria-hidden="true"
                className="pc-icon icon-next-long"
                title="C'est par là"
              />
            </Link>
          </footer>,
        ],
        "className": "page pc-gradient flex-rows",
        "id": "beta-page",
      },
      "ref": null,
      "rendered": Array [
        Object {
          "instance": null,
          "key": undefined,
          "nodeType": "host",
          "props": Object {
            "children": Array [
              <h1
                className="text-left fs32"
              >
                <b>
                  <i
                    className="is-block"
                  >
                    Bienvenue
                  </i>
                </b>
                <i
                  className="is-block"
                >
                  dans la version beta
                </i>
                <i
                  className="is-block"
                >
                  du Pass Culture
                </i>
              </h1>,
              <p
                className="text-left mt36 fs22"
              >
                <i
                  className="is-block"
                >
                  Et merci de votre participation
                </i>
                <i
                  className="is-block"
                >
                  pour nous aider à l'améliorer !
                </i>
              </p>,
            ],
            "className": "pc-main flex-rows flex-center flex-0",
            "role": "main",
          },
          "ref": null,
          "rendered": Array [
            Object {
              "instance": null,
              "key": undefined,
              "nodeType": "host",
              "props": Object {
                "children": Array [
                  <b>
                    <i
                      className="is-block"
                    >
                      Bienvenue
                    </i>
                  </b>,
                  <i
                    className="is-block"
                  >
                    dans la version beta
                  </i>,
                  <i
                    className="is-block"
                  >
                    du Pass Culture
                  </i>,
                ],
                "className": "text-left fs32",
              },
              "ref": null,
              "rendered": Array [
                Object {
                  "instance": null,
                  "key": undefined,
                  "nodeType": "host",
                  "props": Object {
                    "children": <i
                      className="is-block"
                    >
                      Bienvenue
                    </i>,
                  },
                  "ref": null,
                  "rendered": Object {
                    "instance": null,
                    "key": undefined,
                    "nodeType": "host",
                    "props": Object {
                      "children": "Bienvenue",
                      "className": "is-block",
                    },
                    "ref": null,
                    "rendered": "Bienvenue",
                    "type": "i",
                  },
                  "type": "b",
                },
                Object {
                  "instance": null,
                  "key": undefined,
                  "nodeType": "host",
                  "props": Object {
                    "children": "dans la version beta",
                    "className": "is-block",
                  },
                  "ref": null,
                  "rendered": "dans la version beta",
                  "type": "i",
                },
                Object {
                  "instance": null,
                  "key": undefined,
                  "nodeType": "host",
                  "props": Object {
                    "children": "du Pass Culture",
                    "className": "is-block",
                  },
                  "ref": null,
                  "rendered": "du Pass Culture",
                  "type": "i",
                },
              ],
              "type": "h1",
            },
            Object {
              "instance": null,
              "key": undefined,
              "nodeType": "host",
              "props": Object {
                "children": Array [
                  <i
                    className="is-block"
                  >
                    Et merci de votre participation
                  </i>,
                  <i
                    className="is-block"
                  >
                    pour nous aider à l'améliorer !
                  </i>,
                ],
                "className": "text-left mt36 fs22",
              },
              "ref": null,
              "rendered": Array [
                Object {
                  "instance": null,
                  "key": undefined,
                  "nodeType": "host",
                  "props": Object {
                    "children": "Et merci de votre participation",
                    "className": "is-block",
                  },
                  "ref": null,
                  "rendered": "Et merci de votre participation",
                  "type": "i",
                },
                Object {
                  "instance": null,
                  "key": undefined,
                  "nodeType": "host",
                  "props": Object {
                    "children": "pour nous aider à l'améliorer !",
                    "className": "is-block",
                  },
                  "ref": null,
                  "rendered": "pour nous aider à l'améliorer !",
                  "type": "i",
                },
              ],
              "type": "p",
            },
          ],
          "type": "main",
        },
        Object {
          "instance": null,
          "key": undefined,
          "nodeType": "host",
          "props": Object {
            "children": <Link
              className="flex-center items-center"
              replace={false}
              to="/inscription"
            >
              <b
                className="fs32"
              >
                <i>
                  C'est par là
                </i>
              </b>
              <span
                aria-hidden="true"
                className="pc-icon icon-next-long"
                title="C'est par là"
              />
            </Link>,
            "className": "pc-footer flex-columns flex-end",
            "role": "navigation",
          },
          "ref": null,
          "rendered": Object {
            "instance": null,
            "key": undefined,
            "nodeType": "class",
            "props": Object {
              "children": Array [
                <b
                  className="fs32"
                >
                  <i>
                    C'est par là
                  </i>
                </b>,
                <span
                  aria-hidden="true"
                  className="pc-icon icon-next-long"
                  title="C'est par là"
                />,
              ],
              "className": "flex-center items-center",
              "replace": false,
              "to": "/inscription",
            },
            "ref": null,
            "rendered": Array [
              Object {
                "instance": null,
                "key": undefined,
                "nodeType": "host",
                "props": Object {
                  "children": <i>
                    C'est par là
                  </i>,
                  "className": "fs32",
                },
                "ref": null,
                "rendered": Object {
                  "instance": null,
                  "key": undefined,
                  "nodeType": "host",
                  "props": Object {
                    "children": "C'est par là",
                  },
                  "ref": null,
                  "rendered": "C'est par là",
                  "type": "i",
                },
                "type": "b",
              },
              Object {
                "instance": null,
                "key": undefined,
                "nodeType": "host",
                "props": Object {
                  "aria-hidden": "true",
                  "className": "pc-icon icon-next-long",
                  "title": "C'est par là",
                },
                "ref": null,
                "rendered": null,
                "type": "span",
              },
            ],
            "type": [Function],
          },
          "type": "footer",
        },
      ],
      "type": "div",
    },
  ],
  Symbol(enzyme.__options__): Object {
    "adapter": ReactSixteenAdapter {
      "options": Object {
        "enableComponentDidUpdateOnSetState": true,
        "lifecycles": Object {
          "componentDidUpdate": Object {
            "onSetState": true,
          },
          "getDerivedStateFromProps": true,
          "getSnapshotBeforeUpdate": true,
          "setState": Object {
            "skipsComponentDidUpdateOnNullish": true,
          },
        },
      },
    },
    "attachTo": undefined,
    "hydrateIn": undefined,
  },
}
`;
