// Jest Snapshot v1, https://goo.gl/fbAQLP

exports[`src | components | menu | SimpleLink should match the snapshot 1`] = `
ShallowWrapper {
  Symbol(enzyme.__root__): [Circular],
  Symbol(enzyme.__unrendered__): <SimpleLink
    item={
      Object {
        "href": "/decouverte",
        "icon": "offres-w",
        "target": "_blank",
        "title": "Decouverte",
      }
    }
  />,
  Symbol(enzyme.__renderer__): Object {
    "batchedUpdates": [Function],
    "checkPropTypes": [Function],
    "getNode": [Function],
    "render": [Function],
    "simulateError": [Function],
    "simulateEvent": [Function],
    "unmount": [Function],
  },
  Symbol(enzyme.__node__): Object {
    "instance": null,
    "key": "/decouverte",
    "nodeType": "host",
    "props": Object {
      "children": <Item
        icon="offres-w"
        title="Decouverte"
      />,
      "className": "navlink mx12 flex-columns",
      "disabled": undefined,
      "href": "/decouverte",
      "rel": "noopener noreferer",
      "target": "_blank",
    },
    "ref": null,
    "rendered": Object {
      "instance": null,
      "key": undefined,
      "nodeType": "function",
      "props": Object {
        "icon": "offres-w",
        "title": "Decouverte",
      },
      "ref": null,
      "rendered": null,
      "type": [Function],
    },
    "type": "a",
  },
  Symbol(enzyme.__nodes__): Array [
    Object {
      "instance": null,
      "key": "/decouverte",
      "nodeType": "host",
      "props": Object {
        "children": <Item
          icon="offres-w"
          title="Decouverte"
        />,
        "className": "navlink mx12 flex-columns",
        "disabled": undefined,
        "href": "/decouverte",
        "rel": "noopener noreferer",
        "target": "_blank",
      },
      "ref": null,
      "rendered": Object {
        "instance": null,
        "key": undefined,
        "nodeType": "function",
        "props": Object {
          "icon": "offres-w",
          "title": "Decouverte",
        },
        "ref": null,
        "rendered": null,
        "type": [Function],
      },
      "type": "a",
    },
  ],
  Symbol(enzyme.__options__): Object {
    "adapter": ReactSixteenAdapter {
      "options": Object {
        "enableComponentDidUpdateOnSetState": true,
        "legacyContextMode": "parent",
        "lifecycles": Object {
          "componentDidUpdate": Object {
            "onSetState": true,
          },
          "getChildContext": Object {
            "calledByRenderer": false,
          },
          "getDerivedStateFromError": true,
          "getDerivedStateFromProps": Object {
            "hasShouldComponentUpdateBug": false,
          },
          "getSnapshotBeforeUpdate": true,
          "setState": Object {
            "skipsComponentDidUpdateOnNullish": true,
          },
        },
      },
    },
    Symbol(enzyme.__providerValues__): undefined,
  },
  Symbol(enzyme.__providerValues__): Map {},
}
`;
