// Jest Snapshot v1, https://goo.gl/fbAQLP

exports[`src | components | pages | discovery | Discovery should match the snapshot 1`] = `
ShallowWrapper {
  Symbol(enzyme.__root__): [Circular],
  Symbol(enzyme.__unrendered__): <Discovery
    currentRecommendation={null}
    loadRecommendations={[MockFunction]}
    location={
      Object {
        "pathname": "",
        "search": "",
      }
    }
    match={
      Object {
        "params": Object {},
      }
    }
    onRequestFailRedirectToHome={[MockFunction]}
    readRecommendations={Array []}
    recommendations={Array []}
    redirectToFirstRecommendationIfNeeded={
      [MockFunction] {
        "calls": Array [
          Array [
            Array [],
          ],
        ],
        "results": Array [
          Object {
            "type": "return",
            "value": undefined,
          },
        ],
      }
    }
    resetPageData={[MockFunction]}
    resetReadRecommendations={[MockFunction]}
    resetRecommendations={[MockFunction]}
    resetRecommendationsAndBookings={[MockFunction]}
    saveLoadRecommendationsTimestamp={[MockFunction]}
    shouldReloadRecommendations={false}
    showPasswordChangedPopin={
      [MockFunction] {
        "calls": Array [
          Array [],
        ],
        "results": Array [
          Object {
            "type": "return",
            "value": undefined,
          },
        ],
      }
    }
    withBackButton={false}
  />,
  Symbol(enzyme.__renderer__): Object {
    "batchedUpdates": [Function],
    "checkPropTypes": [Function],
    "getNode": [Function],
    "render": [Function],
    "simulateError": [Function],
    "simulateEvent": [Function],
    "unmount": [Function],
  },
  Symbol(enzyme.__node__): Object {
    "instance": null,
    "key": undefined,
    "nodeType": "function",
    "props": Object {
      "children": Array [
        <main
          className="discovery-page no-padding page with-footer"
          role="main"
        >
          <React.Fragment>
            <Route
              path="/decouverte/:offerId(tuto|[A-Z0-9]+)/:mediationId(vide|fin|[A-Z0-9]+)/:details(details)?/:booking(reservation)?/:bookingId(creation|[A-Z0-9]+)?/:cancellation(annulation)?/:menu(menu)?"
              render={[Function]}
            />
            <Route
              path="/decouverte/:offerId(tuto|[A-Z0-9]+)/:mediationId(vide|fin|[A-Z0-9]+)/:details(details)/:booking(reservation)/:bookingId(creation|[A-Z0-9]+)?/:cancellation(annulation)?/:confirmation(confirmation)?/:menu(menu)?"
              render={[Function]}
            />
          </React.Fragment>
          <withRouter(AbsoluteFooter)
            areDetailsVisible={false}
            borderTop={true}
            id="deck-footer"
          />
        </main>,
        <withRouter(Loader)
          hasError={false}
          isEmpty={null}
          isLoading={false}
        />,
      ],
    },
    "ref": null,
    "rendered": Array [
      Object {
        "instance": null,
        "key": undefined,
        "nodeType": "host",
        "props": Object {
          "children": Array [
            <React.Fragment>
              <Route
                path="/decouverte/:offerId(tuto|[A-Z0-9]+)/:mediationId(vide|fin|[A-Z0-9]+)/:details(details)?/:booking(reservation)?/:bookingId(creation|[A-Z0-9]+)?/:cancellation(annulation)?/:menu(menu)?"
                render={[Function]}
              />
              <Route
                path="/decouverte/:offerId(tuto|[A-Z0-9]+)/:mediationId(vide|fin|[A-Z0-9]+)/:details(details)/:booking(reservation)/:bookingId(creation|[A-Z0-9]+)?/:cancellation(annulation)?/:confirmation(confirmation)?/:menu(menu)?"
                render={[Function]}
              />
            </React.Fragment>,
            <withRouter(AbsoluteFooter)
              areDetailsVisible={false}
              borderTop={true}
              id="deck-footer"
            />,
          ],
          "className": "discovery-page no-padding page with-footer",
          "role": "main",
        },
        "ref": null,
        "rendered": Array [
          Object {
            "instance": null,
            "key": undefined,
            "nodeType": "function",
            "props": Object {
              "children": Array [
                <Route
                  path="/decouverte/:offerId(tuto|[A-Z0-9]+)/:mediationId(vide|fin|[A-Z0-9]+)/:details(details)?/:booking(reservation)?/:bookingId(creation|[A-Z0-9]+)?/:cancellation(annulation)?/:menu(menu)?"
                  render={[Function]}
                />,
                <Route
                  path="/decouverte/:offerId(tuto|[A-Z0-9]+)/:mediationId(vide|fin|[A-Z0-9]+)/:details(details)/:booking(reservation)/:bookingId(creation|[A-Z0-9]+)?/:cancellation(annulation)?/:confirmation(confirmation)?/:menu(menu)?"
                  render={[Function]}
                />,
              ],
            },
            "ref": null,
            "rendered": Array [
              Object {
                "instance": null,
                "key": "route-discovery-deck",
                "nodeType": "class",
                "props": Object {
                  "path": "/decouverte/:offerId(tuto|[A-Z0-9]+)/:mediationId(vide|fin|[A-Z0-9]+)/:details(details)?/:booking(reservation)?/:bookingId(creation|[A-Z0-9]+)?/:cancellation(annulation)?/:menu(menu)?",
                  "render": [Function],
                },
                "ref": null,
                "rendered": null,
                "type": [Function],
              },
              Object {
                "instance": null,
                "key": "route-discovery-booking",
                "nodeType": "class",
                "props": Object {
                  "path": "/decouverte/:offerId(tuto|[A-Z0-9]+)/:mediationId(vide|fin|[A-Z0-9]+)/:details(details)/:booking(reservation)/:bookingId(creation|[A-Z0-9]+)?/:cancellation(annulation)?/:confirmation(confirmation)?/:menu(menu)?",
                  "render": [Function],
                },
                "ref": null,
                "rendered": null,
                "type": [Function],
              },
            ],
            "type": Symbol(react.fragment),
          },
          Object {
            "instance": null,
            "key": undefined,
            "nodeType": "function",
            "props": Object {
              "areDetailsVisible": false,
              "borderTop": true,
              "id": "deck-footer",
            },
            "ref": null,
            "rendered": null,
            "type": [Function],
          },
        ],
        "type": "main",
      },
      Object {
        "instance": null,
        "key": undefined,
        "nodeType": "function",
        "props": Object {
          "hasError": false,
          "isEmpty": null,
          "isLoading": false,
        },
        "ref": null,
        "rendered": null,
        "type": [Function],
      },
    ],
    "type": Symbol(react.fragment),
  },
  Symbol(enzyme.__nodes__): Array [
    Object {
      "instance": null,
      "key": undefined,
      "nodeType": "function",
      "props": Object {
        "children": Array [
          <main
            className="discovery-page no-padding page with-footer"
            role="main"
          >
            <React.Fragment>
              <Route
                path="/decouverte/:offerId(tuto|[A-Z0-9]+)/:mediationId(vide|fin|[A-Z0-9]+)/:details(details)?/:booking(reservation)?/:bookingId(creation|[A-Z0-9]+)?/:cancellation(annulation)?/:menu(menu)?"
                render={[Function]}
              />
              <Route
                path="/decouverte/:offerId(tuto|[A-Z0-9]+)/:mediationId(vide|fin|[A-Z0-9]+)/:details(details)/:booking(reservation)/:bookingId(creation|[A-Z0-9]+)?/:cancellation(annulation)?/:confirmation(confirmation)?/:menu(menu)?"
                render={[Function]}
              />
            </React.Fragment>
            <withRouter(AbsoluteFooter)
              areDetailsVisible={false}
              borderTop={true}
              id="deck-footer"
            />
          </main>,
          <withRouter(Loader)
            hasError={false}
            isEmpty={null}
            isLoading={false}
          />,
        ],
      },
      "ref": null,
      "rendered": Array [
        Object {
          "instance": null,
          "key": undefined,
          "nodeType": "host",
          "props": Object {
            "children": Array [
              <React.Fragment>
                <Route
                  path="/decouverte/:offerId(tuto|[A-Z0-9]+)/:mediationId(vide|fin|[A-Z0-9]+)/:details(details)?/:booking(reservation)?/:bookingId(creation|[A-Z0-9]+)?/:cancellation(annulation)?/:menu(menu)?"
                  render={[Function]}
                />
                <Route
                  path="/decouverte/:offerId(tuto|[A-Z0-9]+)/:mediationId(vide|fin|[A-Z0-9]+)/:details(details)/:booking(reservation)/:bookingId(creation|[A-Z0-9]+)?/:cancellation(annulation)?/:confirmation(confirmation)?/:menu(menu)?"
                  render={[Function]}
                />
              </React.Fragment>,
              <withRouter(AbsoluteFooter)
                areDetailsVisible={false}
                borderTop={true}
                id="deck-footer"
              />,
            ],
            "className": "discovery-page no-padding page with-footer",
            "role": "main",
          },
          "ref": null,
          "rendered": Array [
            Object {
              "instance": null,
              "key": undefined,
              "nodeType": "function",
              "props": Object {
                "children": Array [
                  <Route
                    path="/decouverte/:offerId(tuto|[A-Z0-9]+)/:mediationId(vide|fin|[A-Z0-9]+)/:details(details)?/:booking(reservation)?/:bookingId(creation|[A-Z0-9]+)?/:cancellation(annulation)?/:menu(menu)?"
                    render={[Function]}
                  />,
                  <Route
                    path="/decouverte/:offerId(tuto|[A-Z0-9]+)/:mediationId(vide|fin|[A-Z0-9]+)/:details(details)/:booking(reservation)/:bookingId(creation|[A-Z0-9]+)?/:cancellation(annulation)?/:confirmation(confirmation)?/:menu(menu)?"
                    render={[Function]}
                  />,
                ],
              },
              "ref": null,
              "rendered": Array [
                Object {
                  "instance": null,
                  "key": "route-discovery-deck",
                  "nodeType": "class",
                  "props": Object {
                    "path": "/decouverte/:offerId(tuto|[A-Z0-9]+)/:mediationId(vide|fin|[A-Z0-9]+)/:details(details)?/:booking(reservation)?/:bookingId(creation|[A-Z0-9]+)?/:cancellation(annulation)?/:menu(menu)?",
                    "render": [Function],
                  },
                  "ref": null,
                  "rendered": null,
                  "type": [Function],
                },
                Object {
                  "instance": null,
                  "key": "route-discovery-booking",
                  "nodeType": "class",
                  "props": Object {
                    "path": "/decouverte/:offerId(tuto|[A-Z0-9]+)/:mediationId(vide|fin|[A-Z0-9]+)/:details(details)/:booking(reservation)/:bookingId(creation|[A-Z0-9]+)?/:cancellation(annulation)?/:confirmation(confirmation)?/:menu(menu)?",
                    "render": [Function],
                  },
                  "ref": null,
                  "rendered": null,
                  "type": [Function],
                },
              ],
              "type": Symbol(react.fragment),
            },
            Object {
              "instance": null,
              "key": undefined,
              "nodeType": "function",
              "props": Object {
                "areDetailsVisible": false,
                "borderTop": true,
                "id": "deck-footer",
              },
              "ref": null,
              "rendered": null,
              "type": [Function],
            },
          ],
          "type": "main",
        },
        Object {
          "instance": null,
          "key": undefined,
          "nodeType": "function",
          "props": Object {
            "hasError": false,
            "isEmpty": null,
            "isLoading": false,
          },
          "ref": null,
          "rendered": null,
          "type": [Function],
        },
      ],
      "type": Symbol(react.fragment),
    },
  ],
  Symbol(enzyme.__options__): Object {
    "adapter": ReactSixteenAdapter {
      "options": Object {
        "enableComponentDidUpdateOnSetState": true,
        "legacyContextMode": "parent",
        "lifecycles": Object {
          "componentDidUpdate": Object {
            "onSetState": true,
          },
          "getChildContext": Object {
            "calledByRenderer": false,
          },
          "getDerivedStateFromError": true,
          "getDerivedStateFromProps": Object {
            "hasShouldComponentUpdateBug": false,
          },
          "getSnapshotBeforeUpdate": true,
          "setState": Object {
            "skipsComponentDidUpdateOnNullish": true,
          },
        },
      },
    },
    Symbol(enzyme.__providerValues__): undefined,
  },
  Symbol(enzyme.__providerValues__): Map {},
  Symbol(enzyme.__childContext__): null,
}
`;
