// Jest Snapshot v1, https://goo.gl/fbAQLP

exports[`src | components | pages | search | FilterControls | FilterByDates should match the snapshot 1`] = `
ShallowWrapper {
  Symbol(enzyme.__root__): [Circular],
  Symbol(enzyme.__unrendered__): <FilterByDates
    filterActions={
      Object {
        "add": [MockFunction],
        "change": [MockFunction],
        "remove": [MockFunction],
      }
    }
    filterState={
      Object {
        "isNew": false,
        "params": Object {
          "categories": null,
          "date": null,
          "distance": null,
          "jours": null,
          "latitude": null,
          "longitude": null,
          "mots-cles": null,
          "orderBy": "offer.id+desc",
        },
      }
    }
    shouldResetDate={false}
  />,
  Symbol(enzyme.__renderer__): Object {
    "batchedUpdates": [Function],
    "checkPropTypes": [Function],
    "getNode": [Function],
    "render": [Function],
    "simulateError": [Function],
    "simulateEvent": [Function],
    "unmount": [Function],
  },
  Symbol(enzyme.__node__): Object {
    "instance": null,
    "key": undefined,
    "nodeType": "host",
    "props": Object {
      "children": Array [
        <h2
          className="fd-when-label"
        >
          Quand
        </h2>,
        <div
          className="fd-date-picker-container"
        >
          <div
            className="fd-date-picker"
          >
            <DatePickerField
              clearable={true}
              dateFormat="DD/MM/YYYY"
              extraClassName="fd-date-picker-selectbox"
              hideToday={false}
              icon={null}
              id={null}
              label={null}
              locale="fr"
              minDate={2019-06-02T12:41:33.680Z}
              name="pick-by-date-filter"
              onChange={[Function]}
              placeholder="Par date"
              popperRefContainer={null}
              readOnly={false}
              required={false}
              selected={null}
              withPortal={true}
            />
          </div>
        </div>,
        <div
          className="fd-checkboxes"
        >
          <label
            className="flex-columns items-center py5 pl7"
            htmlFor="filter-by-dates-days-0-checkbox"
          >
            <input
              checked={false}
              className="input form-checkbox field field-checkbox"
              id="filter-by-dates-days-0-checkbox"
              onChange={[Function]}
              type="checkbox"
              value="0-1"
            />
            <span
              className="fs19"
            >
              Tout de suite !
            </span>
          </label>
          <label
            className="flex-columns items-center py5 pl7"
            htmlFor="filter-by-dates-days-1-checkbox"
          >
            <input
              checked={false}
              className="input form-checkbox field field-checkbox"
              id="filter-by-dates-days-1-checkbox"
              onChange={[Function]}
              type="checkbox"
              value="1-5"
            />
            <span
              className="fs19"
            >
              Entre 1 et 5 jours
            </span>
          </label>
          <label
            className="flex-columns items-center py5 pl7"
            htmlFor="filter-by-dates-days-2-checkbox"
          >
            <input
              checked={false}
              className="input form-checkbox field field-checkbox"
              id="filter-by-dates-days-2-checkbox"
              onChange={[Function]}
              type="checkbox"
              value="5-100000"
            />
            <span
              className="fs19"
            >
              Plus de 5 jours
            </span>
          </label>
        </div>,
        <hr
          className="dotted-bottom-primary"
        />,
      ],
      "id": "filter-by-dates",
    },
    "ref": null,
    "rendered": Array [
      Object {
        "instance": null,
        "key": undefined,
        "nodeType": "host",
        "props": Object {
          "children": "Quand",
          "className": "fd-when-label",
        },
        "ref": null,
        "rendered": "Quand",
        "type": "h2",
      },
      Object {
        "instance": null,
        "key": undefined,
        "nodeType": "host",
        "props": Object {
          "children": <div
            className="fd-date-picker"
          >
            <DatePickerField
              clearable={true}
              dateFormat="DD/MM/YYYY"
              extraClassName="fd-date-picker-selectbox"
              hideToday={false}
              icon={null}
              id={null}
              label={null}
              locale="fr"
              minDate={2019-06-02T12:41:33.680Z}
              name="pick-by-date-filter"
              onChange={[Function]}
              placeholder="Par date"
              popperRefContainer={null}
              readOnly={false}
              required={false}
              selected={null}
              withPortal={true}
            />
          </div>,
          "className": "fd-date-picker-container",
        },
        "ref": null,
        "rendered": Object {
          "instance": null,
          "key": undefined,
          "nodeType": "host",
          "props": Object {
            "children": <DatePickerField
              clearable={true}
              dateFormat="DD/MM/YYYY"
              extraClassName="fd-date-picker-selectbox"
              hideToday={false}
              icon={null}
              id={null}
              label={null}
              locale="fr"
              minDate={2019-06-02T12:41:33.680Z}
              name="pick-by-date-filter"
              onChange={[Function]}
              placeholder="Par date"
              popperRefContainer={null}
              readOnly={false}
              required={false}
              selected={null}
              withPortal={true}
            />,
            "className": "fd-date-picker",
          },
          "ref": null,
          "rendered": Object {
            "instance": null,
            "key": undefined,
            "nodeType": "function",
            "props": Object {
              "clearable": true,
              "dateFormat": "DD/MM/YYYY",
              "extraClassName": "fd-date-picker-selectbox",
              "hideToday": false,
              "icon": null,
              "id": null,
              "label": null,
              "locale": "fr",
              "minDate": 2019-06-02T12:41:33.680Z,
              "name": "pick-by-date-filter",
              "onChange": [Function],
              "placeholder": "Par date",
              "popperRefContainer": null,
              "readOnly": false,
              "required": false,
              "selected": null,
              "withPortal": true,
            },
            "ref": null,
            "rendered": null,
            "type": [Function],
          },
          "type": "div",
        },
        "type": "div",
      },
      Object {
        "instance": null,
        "key": undefined,
        "nodeType": "host",
        "props": Object {
          "children": Array [
            <label
              className="flex-columns items-center py5 pl7"
              htmlFor="filter-by-dates-days-0-checkbox"
            >
              <input
                checked={false}
                className="input form-checkbox field field-checkbox"
                id="filter-by-dates-days-0-checkbox"
                onChange={[Function]}
                type="checkbox"
                value="0-1"
              />
              <span
                className="fs19"
              >
                Tout de suite !
              </span>
            </label>,
            <label
              className="flex-columns items-center py5 pl7"
              htmlFor="filter-by-dates-days-1-checkbox"
            >
              <input
                checked={false}
                className="input form-checkbox field field-checkbox"
                id="filter-by-dates-days-1-checkbox"
                onChange={[Function]}
                type="checkbox"
                value="1-5"
              />
              <span
                className="fs19"
              >
                Entre 1 et 5 jours
              </span>
            </label>,
            <label
              className="flex-columns items-center py5 pl7"
              htmlFor="filter-by-dates-days-2-checkbox"
            >
              <input
                checked={false}
                className="input form-checkbox field field-checkbox"
                id="filter-by-dates-days-2-checkbox"
                onChange={[Function]}
                type="checkbox"
                value="5-100000"
              />
              <span
                className="fs19"
              >
                Plus de 5 jours
              </span>
            </label>,
          ],
          "className": "fd-checkboxes",
        },
        "ref": null,
        "rendered": Array [
          Object {
            "instance": null,
            "key": "0-1",
            "nodeType": "host",
            "props": Object {
              "children": Array [
                <input
                  checked={false}
                  className="input form-checkbox field field-checkbox"
                  id="filter-by-dates-days-0-checkbox"
                  onChange={[Function]}
                  type="checkbox"
                  value="0-1"
                />,
                <span
                  className="fs19"
                >
                  Tout de suite !
                </span>,
              ],
              "className": "flex-columns items-center py5 pl7",
              "htmlFor": "filter-by-dates-days-0-checkbox",
            },
            "ref": null,
            "rendered": Array [
              Object {
                "instance": null,
                "key": undefined,
                "nodeType": "host",
                "props": Object {
                  "checked": false,
                  "className": "input form-checkbox field field-checkbox",
                  "id": "filter-by-dates-days-0-checkbox",
                  "onChange": [Function],
                  "type": "checkbox",
                  "value": "0-1",
                },
                "ref": null,
                "rendered": null,
                "type": "input",
              },
              Object {
                "instance": null,
                "key": undefined,
                "nodeType": "host",
                "props": Object {
                  "children": "Tout de suite !",
                  "className": "fs19",
                },
                "ref": null,
                "rendered": "Tout de suite !",
                "type": "span",
              },
            ],
            "type": "label",
          },
          Object {
            "instance": null,
            "key": "1-5",
            "nodeType": "host",
            "props": Object {
              "children": Array [
                <input
                  checked={false}
                  className="input form-checkbox field field-checkbox"
                  id="filter-by-dates-days-1-checkbox"
                  onChange={[Function]}
                  type="checkbox"
                  value="1-5"
                />,
                <span
                  className="fs19"
                >
                  Entre 1 et 5 jours
                </span>,
              ],
              "className": "flex-columns items-center py5 pl7",
              "htmlFor": "filter-by-dates-days-1-checkbox",
            },
            "ref": null,
            "rendered": Array [
              Object {
                "instance": null,
                "key": undefined,
                "nodeType": "host",
                "props": Object {
                  "checked": false,
                  "className": "input form-checkbox field field-checkbox",
                  "id": "filter-by-dates-days-1-checkbox",
                  "onChange": [Function],
                  "type": "checkbox",
                  "value": "1-5",
                },
                "ref": null,
                "rendered": null,
                "type": "input",
              },
              Object {
                "instance": null,
                "key": undefined,
                "nodeType": "host",
                "props": Object {
                  "children": "Entre 1 et 5 jours",
                  "className": "fs19",
                },
                "ref": null,
                "rendered": "Entre 1 et 5 jours",
                "type": "span",
              },
            ],
            "type": "label",
          },
          Object {
            "instance": null,
            "key": "5-100000",
            "nodeType": "host",
            "props": Object {
              "children": Array [
                <input
                  checked={false}
                  className="input form-checkbox field field-checkbox"
                  id="filter-by-dates-days-2-checkbox"
                  onChange={[Function]}
                  type="checkbox"
                  value="5-100000"
                />,
                <span
                  className="fs19"
                >
                  Plus de 5 jours
                </span>,
              ],
              "className": "flex-columns items-center py5 pl7",
              "htmlFor": "filter-by-dates-days-2-checkbox",
            },
            "ref": null,
            "rendered": Array [
              Object {
                "instance": null,
                "key": undefined,
                "nodeType": "host",
                "props": Object {
                  "checked": false,
                  "className": "input form-checkbox field field-checkbox",
                  "id": "filter-by-dates-days-2-checkbox",
                  "onChange": [Function],
                  "type": "checkbox",
                  "value": "5-100000",
                },
                "ref": null,
                "rendered": null,
                "type": "input",
              },
              Object {
                "instance": null,
                "key": undefined,
                "nodeType": "host",
                "props": Object {
                  "children": "Plus de 5 jours",
                  "className": "fs19",
                },
                "ref": null,
                "rendered": "Plus de 5 jours",
                "type": "span",
              },
            ],
            "type": "label",
          },
        ],
        "type": "div",
      },
      Object {
        "instance": null,
        "key": undefined,
        "nodeType": "host",
        "props": Object {
          "className": "dotted-bottom-primary",
        },
        "ref": null,
        "rendered": null,
        "type": "hr",
      },
    ],
    "type": "div",
  },
  Symbol(enzyme.__nodes__): Array [
    Object {
      "instance": null,
      "key": undefined,
      "nodeType": "host",
      "props": Object {
        "children": Array [
          <h2
            className="fd-when-label"
          >
            Quand
          </h2>,
          <div
            className="fd-date-picker-container"
          >
            <div
              className="fd-date-picker"
            >
              <DatePickerField
                clearable={true}
                dateFormat="DD/MM/YYYY"
                extraClassName="fd-date-picker-selectbox"
                hideToday={false}
                icon={null}
                id={null}
                label={null}
                locale="fr"
                minDate={2019-06-02T12:41:33.680Z}
                name="pick-by-date-filter"
                onChange={[Function]}
                placeholder="Par date"
                popperRefContainer={null}
                readOnly={false}
                required={false}
                selected={null}
                withPortal={true}
              />
            </div>
          </div>,
          <div
            className="fd-checkboxes"
          >
            <label
              className="flex-columns items-center py5 pl7"
              htmlFor="filter-by-dates-days-0-checkbox"
            >
              <input
                checked={false}
                className="input form-checkbox field field-checkbox"
                id="filter-by-dates-days-0-checkbox"
                onChange={[Function]}
                type="checkbox"
                value="0-1"
              />
              <span
                className="fs19"
              >
                Tout de suite !
              </span>
            </label>
            <label
              className="flex-columns items-center py5 pl7"
              htmlFor="filter-by-dates-days-1-checkbox"
            >
              <input
                checked={false}
                className="input form-checkbox field field-checkbox"
                id="filter-by-dates-days-1-checkbox"
                onChange={[Function]}
                type="checkbox"
                value="1-5"
              />
              <span
                className="fs19"
              >
                Entre 1 et 5 jours
              </span>
            </label>
            <label
              className="flex-columns items-center py5 pl7"
              htmlFor="filter-by-dates-days-2-checkbox"
            >
              <input
                checked={false}
                className="input form-checkbox field field-checkbox"
                id="filter-by-dates-days-2-checkbox"
                onChange={[Function]}
                type="checkbox"
                value="5-100000"
              />
              <span
                className="fs19"
              >
                Plus de 5 jours
              </span>
            </label>
          </div>,
          <hr
            className="dotted-bottom-primary"
          />,
        ],
        "id": "filter-by-dates",
      },
      "ref": null,
      "rendered": Array [
        Object {
          "instance": null,
          "key": undefined,
          "nodeType": "host",
          "props": Object {
            "children": "Quand",
            "className": "fd-when-label",
          },
          "ref": null,
          "rendered": "Quand",
          "type": "h2",
        },
        Object {
          "instance": null,
          "key": undefined,
          "nodeType": "host",
          "props": Object {
            "children": <div
              className="fd-date-picker"
            >
              <DatePickerField
                clearable={true}
                dateFormat="DD/MM/YYYY"
                extraClassName="fd-date-picker-selectbox"
                hideToday={false}
                icon={null}
                id={null}
                label={null}
                locale="fr"
                minDate={2019-06-02T12:41:33.680Z}
                name="pick-by-date-filter"
                onChange={[Function]}
                placeholder="Par date"
                popperRefContainer={null}
                readOnly={false}
                required={false}
                selected={null}
                withPortal={true}
              />
            </div>,
            "className": "fd-date-picker-container",
          },
          "ref": null,
          "rendered": Object {
            "instance": null,
            "key": undefined,
            "nodeType": "host",
            "props": Object {
              "children": <DatePickerField
                clearable={true}
                dateFormat="DD/MM/YYYY"
                extraClassName="fd-date-picker-selectbox"
                hideToday={false}
                icon={null}
                id={null}
                label={null}
                locale="fr"
                minDate={2019-06-02T12:41:33.680Z}
                name="pick-by-date-filter"
                onChange={[Function]}
                placeholder="Par date"
                popperRefContainer={null}
                readOnly={false}
                required={false}
                selected={null}
                withPortal={true}
              />,
              "className": "fd-date-picker",
            },
            "ref": null,
            "rendered": Object {
              "instance": null,
              "key": undefined,
              "nodeType": "function",
              "props": Object {
                "clearable": true,
                "dateFormat": "DD/MM/YYYY",
                "extraClassName": "fd-date-picker-selectbox",
                "hideToday": false,
                "icon": null,
                "id": null,
                "label": null,
                "locale": "fr",
                "minDate": 2019-06-02T12:41:33.680Z,
                "name": "pick-by-date-filter",
                "onChange": [Function],
                "placeholder": "Par date",
                "popperRefContainer": null,
                "readOnly": false,
                "required": false,
                "selected": null,
                "withPortal": true,
              },
              "ref": null,
              "rendered": null,
              "type": [Function],
            },
            "type": "div",
          },
          "type": "div",
        },
        Object {
          "instance": null,
          "key": undefined,
          "nodeType": "host",
          "props": Object {
            "children": Array [
              <label
                className="flex-columns items-center py5 pl7"
                htmlFor="filter-by-dates-days-0-checkbox"
              >
                <input
                  checked={false}
                  className="input form-checkbox field field-checkbox"
                  id="filter-by-dates-days-0-checkbox"
                  onChange={[Function]}
                  type="checkbox"
                  value="0-1"
                />
                <span
                  className="fs19"
                >
                  Tout de suite !
                </span>
              </label>,
              <label
                className="flex-columns items-center py5 pl7"
                htmlFor="filter-by-dates-days-1-checkbox"
              >
                <input
                  checked={false}
                  className="input form-checkbox field field-checkbox"
                  id="filter-by-dates-days-1-checkbox"
                  onChange={[Function]}
                  type="checkbox"
                  value="1-5"
                />
                <span
                  className="fs19"
                >
                  Entre 1 et 5 jours
                </span>
              </label>,
              <label
                className="flex-columns items-center py5 pl7"
                htmlFor="filter-by-dates-days-2-checkbox"
              >
                <input
                  checked={false}
                  className="input form-checkbox field field-checkbox"
                  id="filter-by-dates-days-2-checkbox"
                  onChange={[Function]}
                  type="checkbox"
                  value="5-100000"
                />
                <span
                  className="fs19"
                >
                  Plus de 5 jours
                </span>
              </label>,
            ],
            "className": "fd-checkboxes",
          },
          "ref": null,
          "rendered": Array [
            Object {
              "instance": null,
              "key": "0-1",
              "nodeType": "host",
              "props": Object {
                "children": Array [
                  <input
                    checked={false}
                    className="input form-checkbox field field-checkbox"
                    id="filter-by-dates-days-0-checkbox"
                    onChange={[Function]}
                    type="checkbox"
                    value="0-1"
                  />,
                  <span
                    className="fs19"
                  >
                    Tout de suite !
                  </span>,
                ],
                "className": "flex-columns items-center py5 pl7",
                "htmlFor": "filter-by-dates-days-0-checkbox",
              },
              "ref": null,
              "rendered": Array [
                Object {
                  "instance": null,
                  "key": undefined,
                  "nodeType": "host",
                  "props": Object {
                    "checked": false,
                    "className": "input form-checkbox field field-checkbox",
                    "id": "filter-by-dates-days-0-checkbox",
                    "onChange": [Function],
                    "type": "checkbox",
                    "value": "0-1",
                  },
                  "ref": null,
                  "rendered": null,
                  "type": "input",
                },
                Object {
                  "instance": null,
                  "key": undefined,
                  "nodeType": "host",
                  "props": Object {
                    "children": "Tout de suite !",
                    "className": "fs19",
                  },
                  "ref": null,
                  "rendered": "Tout de suite !",
                  "type": "span",
                },
              ],
              "type": "label",
            },
            Object {
              "instance": null,
              "key": "1-5",
              "nodeType": "host",
              "props": Object {
                "children": Array [
                  <input
                    checked={false}
                    className="input form-checkbox field field-checkbox"
                    id="filter-by-dates-days-1-checkbox"
                    onChange={[Function]}
                    type="checkbox"
                    value="1-5"
                  />,
                  <span
                    className="fs19"
                  >
                    Entre 1 et 5 jours
                  </span>,
                ],
                "className": "flex-columns items-center py5 pl7",
                "htmlFor": "filter-by-dates-days-1-checkbox",
              },
              "ref": null,
              "rendered": Array [
                Object {
                  "instance": null,
                  "key": undefined,
                  "nodeType": "host",
                  "props": Object {
                    "checked": false,
                    "className": "input form-checkbox field field-checkbox",
                    "id": "filter-by-dates-days-1-checkbox",
                    "onChange": [Function],
                    "type": "checkbox",
                    "value": "1-5",
                  },
                  "ref": null,
                  "rendered": null,
                  "type": "input",
                },
                Object {
                  "instance": null,
                  "key": undefined,
                  "nodeType": "host",
                  "props": Object {
                    "children": "Entre 1 et 5 jours",
                    "className": "fs19",
                  },
                  "ref": null,
                  "rendered": "Entre 1 et 5 jours",
                  "type": "span",
                },
              ],
              "type": "label",
            },
            Object {
              "instance": null,
              "key": "5-100000",
              "nodeType": "host",
              "props": Object {
                "children": Array [
                  <input
                    checked={false}
                    className="input form-checkbox field field-checkbox"
                    id="filter-by-dates-days-2-checkbox"
                    onChange={[Function]}
                    type="checkbox"
                    value="5-100000"
                  />,
                  <span
                    className="fs19"
                  >
                    Plus de 5 jours
                  </span>,
                ],
                "className": "flex-columns items-center py5 pl7",
                "htmlFor": "filter-by-dates-days-2-checkbox",
              },
              "ref": null,
              "rendered": Array [
                Object {
                  "instance": null,
                  "key": undefined,
                  "nodeType": "host",
                  "props": Object {
                    "checked": false,
                    "className": "input form-checkbox field field-checkbox",
                    "id": "filter-by-dates-days-2-checkbox",
                    "onChange": [Function],
                    "type": "checkbox",
                    "value": "5-100000",
                  },
                  "ref": null,
                  "rendered": null,
                  "type": "input",
                },
                Object {
                  "instance": null,
                  "key": undefined,
                  "nodeType": "host",
                  "props": Object {
                    "children": "Plus de 5 jours",
                    "className": "fs19",
                  },
                  "ref": null,
                  "rendered": "Plus de 5 jours",
                  "type": "span",
                },
              ],
              "type": "label",
            },
          ],
          "type": "div",
        },
        Object {
          "instance": null,
          "key": undefined,
          "nodeType": "host",
          "props": Object {
            "className": "dotted-bottom-primary",
          },
          "ref": null,
          "rendered": null,
          "type": "hr",
        },
      ],
      "type": "div",
    },
  ],
  Symbol(enzyme.__options__): Object {
    "adapter": ReactSixteenAdapter {
      "options": Object {
        "enableComponentDidUpdateOnSetState": true,
        "legacyContextMode": "parent",
        "lifecycles": Object {
          "componentDidUpdate": Object {
            "onSetState": true,
          },
          "getChildContext": Object {
            "calledByRenderer": false,
          },
          "getDerivedStateFromError": true,
          "getDerivedStateFromProps": Object {
            "hasShouldComponentUpdateBug": false,
          },
          "getSnapshotBeforeUpdate": true,
          "setState": Object {
            "skipsComponentDidUpdateOnNullish": true,
          },
        },
      },
    },
    Symbol(enzyme.__providerValues__): undefined,
  },
  Symbol(enzyme.__providerValues__): Map {},
  Symbol(enzyme.__childContext__): null,
}
`;
