// Jest Snapshot v1, https://goo.gl/fbAQLP

exports[`src | components | VersoInfosWhen snapshot should match snapshot 1`] = `
ShallowWrapper {
  Symbol(enzyme.__root__): [Circular],
  Symbol(enzyme.__unrendered__): <VersoInfosWhen
    bookables={null}
    isFinished={false}
    maxDatesShowned={7}
    recommendation={null}
  />,
  Symbol(enzyme.__renderer__): Object {
    "batchedUpdates": [Function],
    "checkPropTypes": [Function],
    "getNode": [Function],
    "render": [Function],
    "simulateError": [Function],
    "simulateEvent": [Function],
    "unmount": [Function],
  },
  Symbol(enzyme.__node__): Object {
    "instance": null,
    "key": undefined,
    "nodeType": "host",
    "props": Object {
      "children": Array [
        <h3>
          Quand ?
        </h3>,
        <ul
          className="dates-info"
        >
          <React.Fragment />
        </ul>,
      ],
      "id": "verso-infos-section-when",
    },
    "ref": null,
    "rendered": Array [
      Object {
        "instance": null,
        "key": undefined,
        "nodeType": "host",
        "props": Object {
          "children": "Quand ?",
        },
        "ref": null,
        "rendered": "Quand ?",
        "type": "h3",
      },
      Object {
        "instance": null,
        "key": undefined,
        "nodeType": "host",
        "props": Object {
          "children": <React.Fragment />,
          "className": "dates-info",
        },
        "ref": null,
        "rendered": Object {
          "instance": null,
          "key": undefined,
          "nodeType": "function",
          "props": Object {
            "children": Array [
              null,
              null,
            ],
          },
          "ref": null,
          "rendered": Array [
            null,
            null,
          ],
          "type": Symbol(react.fragment),
        },
        "type": "ul",
      },
    ],
    "type": "div",
  },
  Symbol(enzyme.__nodes__): Array [
    Object {
      "instance": null,
      "key": undefined,
      "nodeType": "host",
      "props": Object {
        "children": Array [
          <h3>
            Quand ?
          </h3>,
          <ul
            className="dates-info"
          >
            <React.Fragment />
          </ul>,
        ],
        "id": "verso-infos-section-when",
      },
      "ref": null,
      "rendered": Array [
        Object {
          "instance": null,
          "key": undefined,
          "nodeType": "host",
          "props": Object {
            "children": "Quand ?",
          },
          "ref": null,
          "rendered": "Quand ?",
          "type": "h3",
        },
        Object {
          "instance": null,
          "key": undefined,
          "nodeType": "host",
          "props": Object {
            "children": <React.Fragment />,
            "className": "dates-info",
          },
          "ref": null,
          "rendered": Object {
            "instance": null,
            "key": undefined,
            "nodeType": "function",
            "props": Object {
              "children": Array [
                null,
                null,
              ],
            },
            "ref": null,
            "rendered": Array [
              null,
              null,
            ],
            "type": Symbol(react.fragment),
          },
          "type": "ul",
        },
      ],
      "type": "div",
    },
  ],
  Symbol(enzyme.__options__): Object {
    "adapter": ReactSixteenAdapter {
      "options": Object {
        "enableComponentDidUpdateOnSetState": true,
        "legacyContextMode": "parent",
        "lifecycles": Object {
          "componentDidUpdate": Object {
            "onSetState": true,
          },
          "getChildContext": Object {
            "calledByRenderer": false,
          },
          "getDerivedStateFromProps": Object {
            "hasShouldComponentUpdateBug": false,
          },
          "getSnapshotBeforeUpdate": true,
          "setState": Object {
            "skipsComponentDidUpdateOnNullish": true,
          },
        },
      },
    },
  },
  Symbol(enzyme.__childContext__): null,
}
`;
