// Jest Snapshot v1, https://goo.gl/fbAQLP

exports[`src | components | pages | search | SearchPicture should match the snapshot 1`] = `
ShallowWrapper {
  Symbol(enzyme.__root__): [Circular],
  Symbol(enzyme.__unrendered__): <SearchPicture
    searchType="Écouter"
  />,
  Symbol(enzyme.__renderer__): Object {
    "batchedUpdates": [Function],
    "checkPropTypes": [Function],
    "getNode": [Function],
    "render": [Function],
    "simulateError": [Function],
    "simulateEvent": [Function],
    "unmount": [Function],
  },
  Symbol(enzyme.__node__): Object {
    "instance": null,
    "key": undefined,
    "nodeType": "host",
    "props": Object {
      "children": Array [
        <img
          alt="Rechercher des offres de type Écouter"
          src="http://localhost/icons/img-Écouter.png"
        />,
        <span
          className="is-absolute text-left fs15"
          style={
            Object {
              "backgroundOpacity": 0.75,
            }
          }
        >
          Écouter
        </span>,
      ],
      "className": "search-picture is-relative",
    },
    "ref": null,
    "rendered": Array [
      Object {
        "instance": null,
        "key": undefined,
        "nodeType": "host",
        "props": Object {
          "alt": "Rechercher des offres de type Écouter",
          "src": "http://localhost/icons/img-Écouter.png",
        },
        "ref": null,
        "rendered": null,
        "type": "img",
      },
      Object {
        "instance": null,
        "key": undefined,
        "nodeType": "host",
        "props": Object {
          "children": "Écouter",
          "className": "is-absolute text-left fs15",
          "style": Object {
            "backgroundOpacity": 0.75,
          },
        },
        "ref": null,
        "rendered": "Écouter",
        "type": "span",
      },
    ],
    "type": "div",
  },
  Symbol(enzyme.__nodes__): Array [
    Object {
      "instance": null,
      "key": undefined,
      "nodeType": "host",
      "props": Object {
        "children": Array [
          <img
            alt="Rechercher des offres de type Écouter"
            src="http://localhost/icons/img-Écouter.png"
          />,
          <span
            className="is-absolute text-left fs15"
            style={
              Object {
                "backgroundOpacity": 0.75,
              }
            }
          >
            Écouter
          </span>,
        ],
        "className": "search-picture is-relative",
      },
      "ref": null,
      "rendered": Array [
        Object {
          "instance": null,
          "key": undefined,
          "nodeType": "host",
          "props": Object {
            "alt": "Rechercher des offres de type Écouter",
            "src": "http://localhost/icons/img-Écouter.png",
          },
          "ref": null,
          "rendered": null,
          "type": "img",
        },
        Object {
          "instance": null,
          "key": undefined,
          "nodeType": "host",
          "props": Object {
            "children": "Écouter",
            "className": "is-absolute text-left fs15",
            "style": Object {
              "backgroundOpacity": 0.75,
            },
          },
          "ref": null,
          "rendered": "Écouter",
          "type": "span",
        },
      ],
      "type": "div",
    },
  ],
  Symbol(enzyme.__options__): Object {
    "adapter": ReactSixteenAdapter {
      "options": Object {
        "enableComponentDidUpdateOnSetState": true,
        "legacyContextMode": "parent",
        "lifecycles": Object {
          "componentDidUpdate": Object {
            "onSetState": true,
          },
          "getChildContext": Object {
            "calledByRenderer": false,
          },
          "getDerivedStateFromError": true,
          "getDerivedStateFromProps": Object {
            "hasShouldComponentUpdateBug": false,
          },
          "getSnapshotBeforeUpdate": true,
          "setState": Object {
            "skipsComponentDidUpdateOnNullish": true,
          },
        },
      },
    },
    Symbol(enzyme.__providerValues__): undefined,
  },
  Symbol(enzyme.__providerValues__): Map {},
}
`;
