// Jest Snapshot v1, https://goo.gl/fbAQLP

exports[`src | components | pages | profile | forms | fields | UserPasswordField should match the snapshot 1`] = `
ShallowWrapper {
  Symbol(enzyme.__root__): [Circular],
  Symbol(enzyme.__unrendered__): <UserPasswordField
    formErrors={false}
    isLoading={false}
  />,
  Symbol(enzyme.__renderer__): Object {
    "batchedUpdates": [Function],
    "checkPropTypes": [Function],
    "getNode": [Function],
    "render": [Function],
    "simulateError": [Function],
    "simulateEvent": [Function],
    "unmount": [Function],
  },
  Symbol(enzyme.__node__): Object {
    "instance": null,
    "key": undefined,
    "nodeType": "host",
    "props": Object {
      "children": <div
        className="py30 px12 flex-1"
      >
        <PasswordField
          autoComplete={false}
          className=""
          disabled={false}
          help={null}
          id={null}
          label="Saisissez votre mot de passe actuel"
          name="oldPassword"
          placeholder=""
          required={[Function]}
          sublabel={null}
        />
        <PasswordField
          autoComplete={false}
          className="mt36"
          disabled={false}
          help={null}
          id={null}
          label="Saisissez votre nouveau mot de passe"
          name="newPassword"
          placeholder=""
          required={true}
          sublabel={null}
        />
        <PasswordField
          autoComplete={false}
          className="mt36"
          disabled={false}
          help={null}
          id={null}
          label="Confirmez votre nouveau mot de passe"
          name="newPasswordConfirm"
          placeholder=""
          required={[Function]}
          sublabel={null}
        />
      </div>,
      "className": "pc-scroll-container",
    },
    "ref": null,
    "rendered": Object {
      "instance": null,
      "key": undefined,
      "nodeType": "host",
      "props": Object {
        "children": Array [
          <PasswordField
            autoComplete={false}
            className=""
            disabled={false}
            help={null}
            id={null}
            label="Saisissez votre mot de passe actuel"
            name="oldPassword"
            placeholder=""
            required={[Function]}
            sublabel={null}
          />,
          <PasswordField
            autoComplete={false}
            className="mt36"
            disabled={false}
            help={null}
            id={null}
            label="Saisissez votre nouveau mot de passe"
            name="newPassword"
            placeholder=""
            required={true}
            sublabel={null}
          />,
          <PasswordField
            autoComplete={false}
            className="mt36"
            disabled={false}
            help={null}
            id={null}
            label="Confirmez votre nouveau mot de passe"
            name="newPasswordConfirm"
            placeholder=""
            required={[Function]}
            sublabel={null}
          />,
          false,
        ],
        "className": "py30 px12 flex-1",
      },
      "ref": null,
      "rendered": Array [
        Object {
          "instance": null,
          "key": undefined,
          "nodeType": "class",
          "props": Object {
            "autoComplete": false,
            "className": "",
            "disabled": false,
            "help": null,
            "id": null,
            "label": "Saisissez votre mot de passe actuel",
            "name": "oldPassword",
            "placeholder": "",
            "required": [Function],
            "sublabel": null,
          },
          "ref": null,
          "rendered": null,
          "type": [Function],
        },
        Object {
          "instance": null,
          "key": undefined,
          "nodeType": "class",
          "props": Object {
            "autoComplete": false,
            "className": "mt36",
            "disabled": false,
            "help": null,
            "id": null,
            "label": "Saisissez votre nouveau mot de passe",
            "name": "newPassword",
            "placeholder": "",
            "required": true,
            "sublabel": null,
          },
          "ref": null,
          "rendered": null,
          "type": [Function],
        },
        Object {
          "instance": null,
          "key": undefined,
          "nodeType": "class",
          "props": Object {
            "autoComplete": false,
            "className": "mt36",
            "disabled": false,
            "help": null,
            "id": null,
            "label": "Confirmez votre nouveau mot de passe",
            "name": "newPasswordConfirm",
            "placeholder": "",
            "required": [Function],
            "sublabel": null,
          },
          "ref": null,
          "rendered": null,
          "type": [Function],
        },
        false,
      ],
      "type": "div",
    },
    "type": "div",
  },
  Symbol(enzyme.__nodes__): Array [
    Object {
      "instance": null,
      "key": undefined,
      "nodeType": "host",
      "props": Object {
        "children": <div
          className="py30 px12 flex-1"
        >
          <PasswordField
            autoComplete={false}
            className=""
            disabled={false}
            help={null}
            id={null}
            label="Saisissez votre mot de passe actuel"
            name="oldPassword"
            placeholder=""
            required={[Function]}
            sublabel={null}
          />
          <PasswordField
            autoComplete={false}
            className="mt36"
            disabled={false}
            help={null}
            id={null}
            label="Saisissez votre nouveau mot de passe"
            name="newPassword"
            placeholder=""
            required={true}
            sublabel={null}
          />
          <PasswordField
            autoComplete={false}
            className="mt36"
            disabled={false}
            help={null}
            id={null}
            label="Confirmez votre nouveau mot de passe"
            name="newPasswordConfirm"
            placeholder=""
            required={[Function]}
            sublabel={null}
          />
        </div>,
        "className": "pc-scroll-container",
      },
      "ref": null,
      "rendered": Object {
        "instance": null,
        "key": undefined,
        "nodeType": "host",
        "props": Object {
          "children": Array [
            <PasswordField
              autoComplete={false}
              className=""
              disabled={false}
              help={null}
              id={null}
              label="Saisissez votre mot de passe actuel"
              name="oldPassword"
              placeholder=""
              required={[Function]}
              sublabel={null}
            />,
            <PasswordField
              autoComplete={false}
              className="mt36"
              disabled={false}
              help={null}
              id={null}
              label="Saisissez votre nouveau mot de passe"
              name="newPassword"
              placeholder=""
              required={true}
              sublabel={null}
            />,
            <PasswordField
              autoComplete={false}
              className="mt36"
              disabled={false}
              help={null}
              id={null}
              label="Confirmez votre nouveau mot de passe"
              name="newPasswordConfirm"
              placeholder=""
              required={[Function]}
              sublabel={null}
            />,
            false,
          ],
          "className": "py30 px12 flex-1",
        },
        "ref": null,
        "rendered": Array [
          Object {
            "instance": null,
            "key": undefined,
            "nodeType": "class",
            "props": Object {
              "autoComplete": false,
              "className": "",
              "disabled": false,
              "help": null,
              "id": null,
              "label": "Saisissez votre mot de passe actuel",
              "name": "oldPassword",
              "placeholder": "",
              "required": [Function],
              "sublabel": null,
            },
            "ref": null,
            "rendered": null,
            "type": [Function],
          },
          Object {
            "instance": null,
            "key": undefined,
            "nodeType": "class",
            "props": Object {
              "autoComplete": false,
              "className": "mt36",
              "disabled": false,
              "help": null,
              "id": null,
              "label": "Saisissez votre nouveau mot de passe",
              "name": "newPassword",
              "placeholder": "",
              "required": true,
              "sublabel": null,
            },
            "ref": null,
            "rendered": null,
            "type": [Function],
          },
          Object {
            "instance": null,
            "key": undefined,
            "nodeType": "class",
            "props": Object {
              "autoComplete": false,
              "className": "mt36",
              "disabled": false,
              "help": null,
              "id": null,
              "label": "Confirmez votre nouveau mot de passe",
              "name": "newPasswordConfirm",
              "placeholder": "",
              "required": [Function],
              "sublabel": null,
            },
            "ref": null,
            "rendered": null,
            "type": [Function],
          },
          false,
        ],
        "type": "div",
      },
      "type": "div",
    },
  ],
  Symbol(enzyme.__options__): Object {
    "adapter": ReactSixteenAdapter {
      "options": Object {
        "enableComponentDidUpdateOnSetState": true,
        "legacyContextMode": "parent",
        "lifecycles": Object {
          "componentDidUpdate": Object {
            "onSetState": true,
          },
          "getChildContext": Object {
            "calledByRenderer": false,
          },
          "getDerivedStateFromError": true,
          "getDerivedStateFromProps": Object {
            "hasShouldComponentUpdateBug": false,
          },
          "getSnapshotBeforeUpdate": true,
          "setState": Object {
            "skipsComponentDidUpdateOnNullish": true,
          },
        },
      },
    },
    Symbol(enzyme.__providerValues__): undefined,
  },
  Symbol(enzyme.__providerValues__): Map {},
  Symbol(enzyme.__childContext__): null,
}
`;
